

================================================================
== Vitis HLS Report for 'conv_1d_cl_array_ap_fixed_9u_array_ap_fixed_16_6_5_3_0_16u_config2_s'
================================================================
* Date:           Wed Mar 18 13:58:00 2026

* Version:        2024.1 (Build 5069499 on May 21 2024)
* Project:        myproject_prj
* Solution:       solution1 (Vivado IP Flow Target)
* Product family: virtexuplus
* Target device:  xcu250-figd2104-2L-e


================================================================
== Performance Estimates
================================================================
+ Timing: 
    * Summary: 
    +--------+---------+----------+------------+
    |  Clock |  Target | Estimated| Uncertainty|
    +--------+---------+----------+------------+
    |ap_clk  |  5.00 ns|  3.480 ns|     1.35 ns|
    +--------+---------+----------+------------+

+ Latency: 
    * Summary: 
    +---------+---------+----------+----------+-----+-----+-----------------------------------------------+
    |  Latency (cycles) |  Latency (absolute) |  Interval |                    Pipeline                   |
    |   min   |   max   |    min   |    max   | min | max |                      Type                     |
    +---------+---------+----------+----------+-----+-----+-----------------------------------------------+
    |      393|      393|  1.965 us|  1.965 us|  390|  390|  loop auto-rewind stp(delay=0 clock cycles(s))|
    +---------+---------+----------+----------+-----+-----+-----------------------------------------------+

    + Detail: 
        * Instance: 
        +-----------------------------------------------------------------------------------+------------------------------------------------------------------------+---------+---------+-----------+-----------+-----+-----+---------+
        |                                                                                   |                                                                        |  Latency (cycles) |   Latency (absolute)  |  Interval | Pipeline|
        |                                      Instance                                     |                                 Module                                 |   min   |   max   |    min    |    max    | min | max |   Type  |
        +-----------------------------------------------------------------------------------+------------------------------------------------------------------------+---------+---------+-----------+-----------+-----+-----+---------+
        |grp_compute_output_buffer_1d_array_array_ap_fixed_16_6_5_3_0_16u_config2_s_fu_138  |compute_output_buffer_1d_array_array_ap_fixed_16_6_5_3_0_16u_config2_s  |        3|        3|  15.000 ns|  15.000 ns|    3|    3|      yes|
        +-----------------------------------------------------------------------------------+------------------------------------------------------------------------+---------+---------+-----------+-----------+-----+-----+---------+

        * Loop: 
        +------------------+---------+---------+----------+-----------+-----------+------+----------+
        |                  |  Latency (cycles) | Iteration|  Initiation Interval  | Trip |          |
        |     Loop Name    |   min   |   max   |  Latency |  achieved |   target  | Count| Pipelined|
        +------------------+---------+---------+----------+-----------+-----------+------+----------+
        |- ReadInputWidth  |      391|      391|         5|          3|          1|   130|       yes|
        +------------------+---------+---------+----------+-----------+-----------+------+----------+



================================================================
== Utilization Estimates
================================================================
* Summary: 
+---------------------+---------+-------+---------+---------+------+
|         Name        | BRAM_18K|  DSP  |    FF   |   LUT   | URAM |
+---------------------+---------+-------+---------+---------+------+
|DSP                  |        -|      -|        -|        -|     -|
|Expression           |        -|      -|        0|       42|     -|
|FIFO                 |        -|      -|        -|        -|     -|
|Instance             |        -|    370|     3078|    11723|     -|
|Memory               |        -|      -|        -|        -|     -|
|Multiplexer          |        -|      -|        0|      110|     -|
|Register             |        -|      -|       19|        -|     -|
+---------------------+---------+-------+---------+---------+------+
|Total                |        0|    370|     3097|    11875|     0|
+---------------------+---------+-------+---------+---------+------+
|Available SLR        |     1344|   3072|   864000|   432000|   320|
+---------------------+---------+-------+---------+---------+------+
|Utilization SLR (%)  |        0|     12|       ~0|        2|     0|
+---------------------+---------+-------+---------+---------+------+
|Available            |     5376|  12288|  3456000|  1728000|  1280|
+---------------------+---------+-------+---------+---------+------+
|Utilization (%)      |        0|      3|       ~0|       ~0|     0|
+---------------------+---------+-------+---------+---------+------+

+ Detail: 
    * Instance: 
    +-----------------------------------------------------------------------------------+------------------------------------------------------------------------+---------+-----+------+-------+-----+
    |                                      Instance                                     |                                 Module                                 | BRAM_18K| DSP |  FF  |  LUT  | URAM|
    +-----------------------------------------------------------------------------------+------------------------------------------------------------------------+---------+-----+------+-------+-----+
    |grp_compute_output_buffer_1d_array_array_ap_fixed_16_6_5_3_0_16u_config2_s_fu_138  |compute_output_buffer_1d_array_array_ap_fixed_16_6_5_3_0_16u_config2_s  |        0|  370|  3078|  11723|    0|
    +-----------------------------------------------------------------------------------+------------------------------------------------------------------------+---------+-----+------+-------+-----+
    |Total                                                                              |                                                                        |        0|  370|  3078|  11723|    0|
    +-----------------------------------------------------------------------------------+------------------------------------------------------------------------+---------+-----+------+-------+-----+

    * DSP: 
    N/A

    * Memory: 
    N/A

    * FIFO: 
    N/A

    * Expression: 
    +------------------------------------------+----------+----+---+----+------------+------------+
    |               Variable Name              | Operation| DSP| FF| LUT| Bitwidth P0| Bitwidth P1|
    +------------------------------------------+----------+----+---+----+------------+------------+
    |i_iw_fu_219_p2                            |         +|   0|  0|  15|           8|           1|
    |ap_block_pp0_stage0_11001                 |       and|   0|  0|   2|           1|           1|
    |ap_block_pp0_stage0_11001_ignoreCallOp30  |       and|   0|  0|   2|           1|           1|
    |ap_block_pp0_stage1_11001_ignoreCallOp28  |       and|   0|  0|   2|           1|           1|
    |ap_condition_164                          |       and|   0|  0|   2|           1|           1|
    |icmp_ln22_fu_225_p2                       |      icmp|   0|  0|  15|           8|           8|
    |ap_block_pp0_stage1_11001                 |        or|   0|  0|   2|           1|           1|
    |ap_enable_pp0                             |       xor|   0|  0|   2|           1|           2|
    +------------------------------------------+----------+----+---+----+------------+------------+
    |Total                                     |          |   0|  0|  42|          22|          16|
    +------------------------------------------+----------+----+---+----+------------+------------+

    * Multiplexer: 
    +----------------------------------+----+-----------+-----+-----------+
    |               Name               | LUT| Input Size| Bits| Total Bits|
    +----------------------------------+----+-----------+-----+-----------+
    |ap_NS_fsm                         |  20|          4|    1|          4|
    |ap_done_int                       |   9|          2|    1|          2|
    |ap_enable_reg_pp0_iter0           |   9|          2|    1|          2|
    |ap_enable_reg_pp0_iter1           |   9|          2|    1|          2|
    |ap_loop_exit_ready_pp0_iter1_reg  |   9|          2|    1|          2|
    |ap_sig_allocacmp_i_iw_011_load    |   9|          2|    8|         16|
    |i_iw_011_fu_128                   |   9|          2|    8|         16|
    |layer2_out_blk_n                  |   9|          2|    1|          2|
    |layer2_out_write                  |   9|          2|    1|          2|
    |layer8_out_blk_n                  |   9|          2|    1|          2|
    |real_start                        |   9|          2|    1|          2|
    +----------------------------------+----+-----------+-----+-----------+
    |Total                             | 110|         24|   25|         52|
    +----------------------------------+----+-----------+-----+-----------+

    * Register: 
    +------------------------------------------------------------------------------------------------+---+----+-----+-----------+
    |                                              Name                                              | FF| LUT| Bits| Const Bits|
    +------------------------------------------------------------------------------------------------+---+----+-----+-----------+
    |ap_CS_fsm                                                                                       |  3|   0|    3|          0|
    |ap_done_reg                                                                                     |  1|   0|    1|          0|
    |ap_enable_reg_pp0_iter0_reg                                                                     |  1|   0|    1|          0|
    |ap_enable_reg_pp0_iter1                                                                         |  1|   0|    1|          0|
    |ap_loop_exit_ready_pp0_iter1_reg                                                                |  1|   0|    1|          0|
    |grp_compute_output_buffer_1d_array_array_ap_fixed_16_6_5_3_0_16u_config2_s_fu_138_ap_start_reg  |  1|   0|    1|          0|
    |i_iw_011_fu_128                                                                                 |  8|   0|    8|          0|
    |icmp_ln22_reg_336                                                                               |  1|   0|    1|          0|
    |icmp_ln22_reg_336_pp0_iter1_reg                                                                 |  1|   0|    1|          0|
    |start_once_reg                                                                                  |  1|   0|    1|          0|
    +------------------------------------------------------------------------------------------------+---+----+-----+-----------+
    |Total                                                                                           | 19|   0|   19|          0|
    +------------------------------------------------------------------------------------------------+---+----+-----+-----------+



================================================================
== Interface
================================================================
* Summary: 
+---------------------------+-----+-----+------------+------------------------------------------------------------------------+--------------+
|         RTL Ports         | Dir | Bits|  Protocol  |                              Source Object                             |    C Type    |
+---------------------------+-----+-----+------------+------------------------------------------------------------------------+--------------+
|ap_clk                     |   in|    1|  ap_ctrl_hs|  conv_1d_cl<array<ap_fixed,9u>,array<ap_fixed<16,6,5,3,0>,16u>,config2>|  return value|
|ap_rst                     |   in|    1|  ap_ctrl_hs|  conv_1d_cl<array<ap_fixed,9u>,array<ap_fixed<16,6,5,3,0>,16u>,config2>|  return value|
|ap_start                   |   in|    1|  ap_ctrl_hs|  conv_1d_cl<array<ap_fixed,9u>,array<ap_fixed<16,6,5,3,0>,16u>,config2>|  return value|
|start_full_n               |   in|    1|  ap_ctrl_hs|  conv_1d_cl<array<ap_fixed,9u>,array<ap_fixed<16,6,5,3,0>,16u>,config2>|  return value|
|ap_done                    |  out|    1|  ap_ctrl_hs|  conv_1d_cl<array<ap_fixed,9u>,array<ap_fixed<16,6,5,3,0>,16u>,config2>|  return value|
|ap_continue                |   in|    1|  ap_ctrl_hs|  conv_1d_cl<array<ap_fixed,9u>,array<ap_fixed<16,6,5,3,0>,16u>,config2>|  return value|
|ap_idle                    |  out|    1|  ap_ctrl_hs|  conv_1d_cl<array<ap_fixed,9u>,array<ap_fixed<16,6,5,3,0>,16u>,config2>|  return value|
|ap_ready                   |  out|    1|  ap_ctrl_hs|  conv_1d_cl<array<ap_fixed,9u>,array<ap_fixed<16,6,5,3,0>,16u>,config2>|  return value|
|start_out                  |  out|    1|  ap_ctrl_hs|  conv_1d_cl<array<ap_fixed,9u>,array<ap_fixed<16,6,5,3,0>,16u>,config2>|  return value|
|start_write                |  out|    1|  ap_ctrl_hs|  conv_1d_cl<array<ap_fixed,9u>,array<ap_fixed<16,6,5,3,0>,16u>,config2>|  return value|
|layer8_out_dout            |   in|  144|     ap_fifo|                                                              layer8_out|       pointer|
|layer8_out_num_data_valid  |   in|    9|     ap_fifo|                                                              layer8_out|       pointer|
|layer8_out_fifo_cap        |   in|    9|     ap_fifo|                                                              layer8_out|       pointer|
|layer8_out_empty_n         |   in|    1|     ap_fifo|                                                              layer8_out|       pointer|
|layer8_out_read            |  out|    1|     ap_fifo|                                                              layer8_out|       pointer|
|layer2_out_din             |  out|  256|     ap_fifo|                                                              layer2_out|       pointer|
|layer2_out_num_data_valid  |   in|    8|     ap_fifo|                                                              layer2_out|       pointer|
|layer2_out_fifo_cap        |   in|    8|     ap_fifo|                                                              layer2_out|       pointer|
|layer2_out_full_n          |   in|    1|     ap_fifo|                                                              layer2_out|       pointer|
|layer2_out_write           |  out|    1|     ap_fifo|                                                              layer2_out|       pointer|
+---------------------------+-----+-----+------------+------------------------------------------------------------------------+--------------+

