

================================================================
== Vitis HLS Report for 'dense_array_ap_fixed_16u_array_ap_fixed_16_6_5_3_0_6u_config6_s'
================================================================
* Date:           Wed Mar 18 13:58:01 2026

* Version:        2024.1 (Build 5069499 on May 21 2024)
* Project:        myproject_prj
* Solution:       solution1 (Vivado IP Flow Target)
* Product family: virtexuplus
* Target device:  xcu250-figd2104-2L-e


================================================================
== Performance Estimates
================================================================
+ Timing: 
    * Summary: 
    +--------+---------+----------+------------+
    |  Clock |  Target | Estimated| Uncertainty|
    +--------+---------+----------+------------+
    |ap_clk  |  5.00 ns|  3.530 ns|     1.35 ns|
    +--------+---------+----------+------------+

+ Latency: 
    * Summary: 
    +---------+---------+-----------+-----------+-----+-----+---------+
    |  Latency (cycles) |   Latency (absolute)  |  Interval | Pipeline|
    |   min   |   max   |    min    |    max    | min | max |   Type  |
    +---------+---------+-----------+-----------+-----+-----+---------+
    |        2|        2|  10.000 ns|  10.000 ns|    2|    2|       no|
    +---------+---------+-----------+-----------+-----+-----+---------+

    + Detail: 
        * Instance: 
        +------------------------------------------------------------------------+--------------------------------------------------------------+---------+---------+----------+----------+-----+-----+---------+
        |                                                                        |                                                              |  Latency (cycles) |  Latency (absolute) |  Interval | Pipeline|
        |                                Instance                                |                            Module                            |   min   |   max   |    min   |    max   | min | max |   Type  |
        +------------------------------------------------------------------------+--------------------------------------------------------------+---------+---------+----------+----------+-----+-----+---------+
        |grp_dense_latency_wrapper_ap_fixed_ap_fixed_16_6_5_3_0_config6_s_fu_97  |dense_latency_wrapper_ap_fixed_ap_fixed_16_6_5_3_0_config6_s  |        1|        1|  5.000 ns|  5.000 ns|    1|    1|      yes|
        +------------------------------------------------------------------------+--------------------------------------------------------------+---------+---------+----------+----------+-----+-----+---------+

        * Loop: 
        N/A



================================================================
== Utilization Estimates
================================================================
* Summary: 
+---------------------+---------+-------+---------+---------+------+
|         Name        | BRAM_18K|  DSP  |    FF   |   LUT   | URAM |
+---------------------+---------+-------+---------+---------+------+
|DSP                  |        -|      -|        -|        -|     -|
|Expression           |        -|      -|        0|        2|     -|
|FIFO                 |        -|      -|        -|        -|     -|
|Instance             |        -|     91|      557|     2447|     -|
|Memory               |        -|      -|        -|        -|     -|
|Multiplexer          |        -|      -|        0|       56|     -|
|Register             |        -|      -|      262|        -|     -|
+---------------------+---------+-------+---------+---------+------+
|Total                |        0|     91|      819|     2505|     0|
+---------------------+---------+-------+---------+---------+------+
|Available SLR        |     1344|   3072|   864000|   432000|   320|
+---------------------+---------+-------+---------+---------+------+
|Utilization SLR (%)  |        0|      2|       ~0|       ~0|     0|
+---------------------+---------+-------+---------+---------+------+
|Available            |     5376|  12288|  3456000|  1728000|  1280|
+---------------------+---------+-------+---------+---------+------+
|Utilization (%)      |        0|     ~0|       ~0|       ~0|     0|
+---------------------+---------+-------+---------+---------+------+

+ Detail: 
    * Instance: 
    +------------------------------------------------------------------------+--------------------------------------------------------------+---------+----+-----+------+-----+
    |                                Instance                                |                            Module                            | BRAM_18K| DSP|  FF |  LUT | URAM|
    +------------------------------------------------------------------------+--------------------------------------------------------------+---------+----+-----+------+-----+
    |grp_dense_latency_wrapper_ap_fixed_ap_fixed_16_6_5_3_0_config6_s_fu_97  |dense_latency_wrapper_ap_fixed_ap_fixed_16_6_5_3_0_config6_s  |        0|  91|  557|  2447|    0|
    +------------------------------------------------------------------------+--------------------------------------------------------------+---------+----+-----+------+-----+
    |Total                                                                   |                                                              |        0|  91|  557|  2447|    0|
    +------------------------------------------------------------------------+--------------------------------------------------------------+---------+----+-----+------+-----+

    * DSP: 
    N/A

    * Memory: 
    N/A

    * FIFO: 
    N/A

    * Expression: 
    +-----------------+----------+----+---+----+------------+------------+
    |  Variable Name  | Operation| DSP| FF| LUT| Bitwidth P0| Bitwidth P1|
    +-----------------+----------+----+---+----+------------+------------+
    |ap_block_state1  |        or|   0|  0|   2|           1|           1|
    +-----------------+----------+----+---+----+------------+------------+
    |Total            |          |   0|  0|   2|           1|           1|
    +-----------------+----------+----+---+----+------------+------------+

    * Multiplexer: 
    +------------------+----+-----------+-----+-----------+
    |       Name       | LUT| Input Size| Bits| Total Bits|
    +------------------+----+-----------+-----+-----------+
    |ap_NS_fsm         |  20|          4|    1|          4|
    |ap_done           |   9|          2|    1|          2|
    |layer5_out_blk_n  |   9|          2|    1|          2|
    |layer6_out_blk_n  |   9|          2|    1|          2|
    |real_start        |   9|          2|    1|          2|
    +------------------+----+-----------+-----+-----------+
    |Total             |  56|         12|    5|         12|
    +------------------+----+-----------+-----+-----------+

    * Register: 
    +-------------------------------------------------------------------------------------+----+----+-----+-----------+
    |                                         Name                                        | FF | LUT| Bits| Const Bits|
    +-------------------------------------------------------------------------------------+----+----+-----+-----------+
    |ap_CS_fsm                                                                            |   3|   0|    3|          0|
    |ap_done_reg                                                                          |   1|   0|    1|          0|
    |data_pack_16_reg_317                                                                 |  16|   0|   16|          0|
    |data_pack_17_reg_322                                                                 |  16|   0|   16|          0|
    |data_pack_18_reg_327                                                                 |  16|   0|   16|          0|
    |data_pack_19_reg_332                                                                 |  16|   0|   16|          0|
    |data_pack_20_reg_337                                                                 |  16|   0|   16|          0|
    |data_pack_21_reg_342                                                                 |  16|   0|   16|          0|
    |data_pack_22_reg_347                                                                 |  16|   0|   16|          0|
    |data_pack_23_reg_352                                                                 |  16|   0|   16|          0|
    |data_pack_24_reg_357                                                                 |  16|   0|   16|          0|
    |data_pack_25_reg_362                                                                 |  16|   0|   16|          0|
    |data_pack_26_reg_367                                                                 |  16|   0|   16|          0|
    |data_pack_27_reg_372                                                                 |  16|   0|   16|          0|
    |data_pack_28_reg_377                                                                 |  16|   0|   16|          0|
    |data_pack_29_reg_382                                                                 |  16|   0|   16|          0|
    |data_pack_30_reg_387                                                                 |  16|   0|   16|          0|
    |data_pack_reg_312                                                                    |  16|   0|   16|          0|
    |grp_dense_latency_wrapper_ap_fixed_ap_fixed_16_6_5_3_0_config6_s_fu_97_ap_start_reg  |   1|   0|    1|          0|
    |start_once_reg                                                                       |   1|   0|    1|          0|
    +-------------------------------------------------------------------------------------+----+----+-----+-----------+
    |Total                                                                                | 262|   0|  262|          0|
    +-------------------------------------------------------------------------------------+----+----+-----+-----------+



================================================================
== Interface
================================================================
* Summary: 
+---------------------------+-----+-----+------------+-------------------------------------------------------------------+--------------+
|         RTL Ports         | Dir | Bits|  Protocol  |                           Source Object                           |    C Type    |
+---------------------------+-----+-----+------------+-------------------------------------------------------------------+--------------+
|ap_clk                     |   in|    1|  ap_ctrl_hs|  dense<array<ap_fixed,16u>,array<ap_fixed<16,6,5,3,0>,6u>,config6>|  return value|
|ap_rst                     |   in|    1|  ap_ctrl_hs|  dense<array<ap_fixed,16u>,array<ap_fixed<16,6,5,3,0>,6u>,config6>|  return value|
|ap_start                   |   in|    1|  ap_ctrl_hs|  dense<array<ap_fixed,16u>,array<ap_fixed<16,6,5,3,0>,6u>,config6>|  return value|
|start_full_n               |   in|    1|  ap_ctrl_hs|  dense<array<ap_fixed,16u>,array<ap_fixed<16,6,5,3,0>,6u>,config6>|  return value|
|ap_done                    |  out|    1|  ap_ctrl_hs|  dense<array<ap_fixed,16u>,array<ap_fixed<16,6,5,3,0>,6u>,config6>|  return value|
|ap_continue                |   in|    1|  ap_ctrl_hs|  dense<array<ap_fixed,16u>,array<ap_fixed<16,6,5,3,0>,6u>,config6>|  return value|
|ap_idle                    |  out|    1|  ap_ctrl_hs|  dense<array<ap_fixed,16u>,array<ap_fixed<16,6,5,3,0>,6u>,config6>|  return value|
|ap_ready                   |  out|    1|  ap_ctrl_hs|  dense<array<ap_fixed,16u>,array<ap_fixed<16,6,5,3,0>,6u>,config6>|  return value|
|start_out                  |  out|    1|  ap_ctrl_hs|  dense<array<ap_fixed,16u>,array<ap_fixed<16,6,5,3,0>,6u>,config6>|  return value|
|start_write                |  out|    1|  ap_ctrl_hs|  dense<array<ap_fixed,16u>,array<ap_fixed<16,6,5,3,0>,6u>,config6>|  return value|
|layer5_out_dout            |   in|  256|     ap_fifo|                                                         layer5_out|       pointer|
|layer5_out_num_data_valid  |   in|    2|     ap_fifo|                                                         layer5_out|       pointer|
|layer5_out_fifo_cap        |   in|    2|     ap_fifo|                                                         layer5_out|       pointer|
|layer5_out_empty_n         |   in|    1|     ap_fifo|                                                         layer5_out|       pointer|
|layer5_out_read            |  out|    1|     ap_fifo|                                                         layer5_out|       pointer|
|layer6_out_din             |  out|   96|     ap_fifo|                                                         layer6_out|       pointer|
|layer6_out_num_data_valid  |   in|    2|     ap_fifo|                                                         layer6_out|       pointer|
|layer6_out_fifo_cap        |   in|    2|     ap_fifo|                                                         layer6_out|       pointer|
|layer6_out_full_n          |   in|    1|     ap_fifo|                                                         layer6_out|       pointer|
|layer6_out_write           |  out|    1|     ap_fifo|                                                         layer6_out|       pointer|
+---------------------------+-----+-----+------------+-------------------------------------------------------------------+--------------+

