

================================================================
== Vitis HLS Report for 'dense_latency_ap_fixed_16_6_5_3_0_ap_fixed_16_6_5_3_0_config6_s'
================================================================
* Date:           Wed Mar 11 15:10:23 2026

* Version:        2024.1 (Build 5069499 on May 21 2024)
* Project:        myproject_prj
* Solution:       solution1 (Vivado IP Flow Target)
* Product family: virtexuplus
* Target device:  xcu250-figd2104-2L-e


================================================================
== Performance Estimates
================================================================
+ Timing: 
    * Summary: 
    +--------+---------+----------+------------+
    |  Clock |  Target | Estimated| Uncertainty|
    +--------+---------+----------+------------+
    |ap_clk  |  5.00 ns|  3.635 ns|     1.35 ns|
    +--------+---------+----------+------------+

+ Latency: 
    * Summary: 
    +---------+---------+----------+----------+-----+-----+---------+
    |  Latency (cycles) |  Latency (absolute) |  Interval | Pipeline|
    |   min   |   max   |    min   |    max   | min | max |   Type  |
    +---------+---------+----------+----------+-----+-----+---------+
    |        1|        1|  5.000 ns|  5.000 ns|    1|    1|      yes|
    +---------+---------+----------+----------+-----+-----+---------+

    + Detail: 
        * Instance: 
        N/A

        * Loop: 
        N/A



================================================================
== Utilization Estimates
================================================================
* Summary: 
+---------------------+---------+-------+---------+---------+------+
|         Name        | BRAM_18K|  DSP  |    FF   |   LUT   | URAM |
+---------------------+---------+-------+---------+---------+------+
|DSP                  |        -|      -|        -|        -|     -|
|Expression           |        -|      -|        0|     2206|     -|
|FIFO                 |        -|      -|        -|        -|     -|
|Instance             |        -|     82|        0|      164|     -|
|Memory               |        -|      -|        -|        -|     -|
|Multiplexer          |        -|      -|        0|       63|     -|
|Register             |        -|      -|     1314|        -|     -|
+---------------------+---------+-------+---------+---------+------+
|Total                |        0|     82|     1314|     2433|     0|
+---------------------+---------+-------+---------+---------+------+
|Available SLR        |     1344|   3072|   864000|   432000|   320|
+---------------------+---------+-------+---------+---------+------+
|Utilization SLR (%)  |        0|      2|       ~0|       ~0|     0|
+---------------------+---------+-------+---------+---------+------+
|Available            |     5376|  12288|  3456000|  1728000|  1280|
+---------------------+---------+-------+---------+---------+------+
|Utilization (%)      |        0|     ~0|       ~0|       ~0|     0|
+---------------------+---------+-------+---------+---------+------+

+ Detail: 
    * Instance: 
    +----------------------------+----------------------+---------+----+---+----+-----+
    |          Instance          |        Module        | BRAM_18K| DSP| FF| LUT| URAM|
    +----------------------------+----------------------+---------+----+---+----+-----+
    |mul_15ns_10ns_24_1_1_U4645  |mul_15ns_10ns_24_1_1  |        0|   1|  0|   2|    0|
    |mul_15ns_10ns_24_1_1_U4651  |mul_15ns_10ns_24_1_1  |        0|   1|  0|   2|    0|
    |mul_15ns_10ns_24_1_1_U4657  |mul_15ns_10ns_24_1_1  |        0|   1|  0|   2|    0|
    |mul_15ns_10ns_24_1_1_U4662  |mul_15ns_10ns_24_1_1  |        0|   1|  0|   2|    0|
    |mul_15ns_10ns_24_1_1_U4685  |mul_15ns_10ns_24_1_1  |        0|   1|  0|   2|    0|
    |mul_15ns_10ns_24_1_1_U4689  |mul_15ns_10ns_24_1_1  |        0|   1|  0|   2|    0|
    |mul_15ns_10ns_24_1_1_U4691  |mul_15ns_10ns_24_1_1  |        0|   1|  0|   2|    0|
    |mul_15ns_10ns_24_1_1_U4692  |mul_15ns_10ns_24_1_1  |        0|   1|  0|   2|    0|
    |mul_15ns_10ns_24_1_1_U4706  |mul_15ns_10ns_24_1_1  |        0|   1|  0|   2|    0|
    |mul_15ns_10s_25_1_1_U4625   |mul_15ns_10s_25_1_1   |        0|   1|  0|   2|    0|
    |mul_15ns_10s_25_1_1_U4633   |mul_15ns_10s_25_1_1   |        0|   1|  0|   2|    0|
    |mul_15ns_10s_25_1_1_U4635   |mul_15ns_10s_25_1_1   |        0|   1|  0|   2|    0|
    |mul_15ns_10s_25_1_1_U4636   |mul_15ns_10s_25_1_1   |        0|   1|  0|   2|    0|
    |mul_15ns_10s_25_1_1_U4644   |mul_15ns_10s_25_1_1   |        0|   1|  0|   2|    0|
    |mul_15ns_10s_25_1_1_U4653   |mul_15ns_10s_25_1_1   |        0|   1|  0|   2|    0|
    |mul_15ns_10s_25_1_1_U4667   |mul_15ns_10s_25_1_1   |        0|   1|  0|   2|    0|
    |mul_15ns_10s_25_1_1_U4675   |mul_15ns_10s_25_1_1   |        0|   1|  0|   2|    0|
    |mul_15ns_10s_25_1_1_U4677   |mul_15ns_10s_25_1_1   |        0|   1|  0|   2|    0|
    |mul_15ns_10s_25_1_1_U4680   |mul_15ns_10s_25_1_1   |        0|   1|  0|   2|    0|
    |mul_15ns_10s_25_1_1_U4688   |mul_15ns_10s_25_1_1   |        0|   1|  0|   2|    0|
    |mul_15ns_10s_25_1_1_U4697   |mul_15ns_10s_25_1_1   |        0|   1|  0|   2|    0|
    |mul_15ns_10s_25_1_1_U4699   |mul_15ns_10s_25_1_1   |        0|   1|  0|   2|    0|
    |mul_15ns_10s_25_1_1_U4701   |mul_15ns_10s_25_1_1   |        0|   1|  0|   2|    0|
    |mul_15ns_10s_25_1_1_U4704   |mul_15ns_10s_25_1_1   |        0|   1|  0|   2|    0|
    |mul_15ns_11ns_25_1_1_U4628  |mul_15ns_11ns_25_1_1  |        0|   1|  0|   2|    0|
    |mul_15ns_11ns_25_1_1_U4634  |mul_15ns_11ns_25_1_1  |        0|   1|  0|   2|    0|
    |mul_15ns_11ns_25_1_1_U4640  |mul_15ns_11ns_25_1_1  |        0|   1|  0|   2|    0|
    |mul_15ns_11ns_25_1_1_U4650  |mul_15ns_11ns_25_1_1  |        0|   1|  0|   2|    0|
    |mul_15ns_11ns_25_1_1_U4656  |mul_15ns_11ns_25_1_1  |        0|   1|  0|   2|    0|
    |mul_15ns_11ns_25_1_1_U4658  |mul_15ns_11ns_25_1_1  |        0|   1|  0|   2|    0|
    |mul_15ns_11ns_25_1_1_U4659  |mul_15ns_11ns_25_1_1  |        0|   1|  0|   2|    0|
    |mul_15ns_11ns_25_1_1_U4660  |mul_15ns_11ns_25_1_1  |        0|   1|  0|   2|    0|
    |mul_15ns_11ns_25_1_1_U4661  |mul_15ns_11ns_25_1_1  |        0|   1|  0|   2|    0|
    |mul_15ns_11ns_25_1_1_U4663  |mul_15ns_11ns_25_1_1  |        0|   1|  0|   2|    0|
    |mul_15ns_11ns_25_1_1_U4672  |mul_15ns_11ns_25_1_1  |        0|   1|  0|   2|    0|
    |mul_15ns_11ns_25_1_1_U4674  |mul_15ns_11ns_25_1_1  |        0|   1|  0|   2|    0|
    |mul_15ns_11ns_25_1_1_U4676  |mul_15ns_11ns_25_1_1  |        0|   1|  0|   2|    0|
    |mul_15ns_11ns_25_1_1_U4681  |mul_15ns_11ns_25_1_1  |        0|   1|  0|   2|    0|
    |mul_15ns_11ns_25_1_1_U4686  |mul_15ns_11ns_25_1_1  |        0|   1|  0|   2|    0|
    |mul_15ns_11ns_25_1_1_U4694  |mul_15ns_11ns_25_1_1  |        0|   1|  0|   2|    0|
    |mul_15ns_11ns_25_1_1_U4705  |mul_15ns_11ns_25_1_1  |        0|   1|  0|   2|    0|
    |mul_15ns_11s_26_1_1_U4626   |mul_15ns_11s_26_1_1   |        0|   1|  0|   2|    0|
    |mul_15ns_11s_26_1_1_U4627   |mul_15ns_11s_26_1_1   |        0|   1|  0|   2|    0|
    |mul_15ns_11s_26_1_1_U4631   |mul_15ns_11s_26_1_1   |        0|   1|  0|   2|    0|
    |mul_15ns_11s_26_1_1_U4632   |mul_15ns_11s_26_1_1   |        0|   1|  0|   2|    0|
    |mul_15ns_11s_26_1_1_U4638   |mul_15ns_11s_26_1_1   |        0|   1|  0|   2|    0|
    |mul_15ns_11s_26_1_1_U4641   |mul_15ns_11s_26_1_1   |        0|   1|  0|   2|    0|
    |mul_15ns_11s_26_1_1_U4642   |mul_15ns_11s_26_1_1   |        0|   1|  0|   2|    0|
    |mul_15ns_11s_26_1_1_U4646   |mul_15ns_11s_26_1_1   |        0|   1|  0|   2|    0|
    |mul_15ns_11s_26_1_1_U4652   |mul_15ns_11s_26_1_1   |        0|   1|  0|   2|    0|
    |mul_15ns_11s_26_1_1_U4654   |mul_15ns_11s_26_1_1   |        0|   1|  0|   2|    0|
    |mul_15ns_11s_26_1_1_U4665   |mul_15ns_11s_26_1_1   |        0|   1|  0|   2|    0|
    |mul_15ns_11s_26_1_1_U4666   |mul_15ns_11s_26_1_1   |        0|   1|  0|   2|    0|
    |mul_15ns_11s_26_1_1_U4670   |mul_15ns_11s_26_1_1   |        0|   1|  0|   2|    0|
    |mul_15ns_11s_26_1_1_U4679   |mul_15ns_11s_26_1_1   |        0|   1|  0|   2|    0|
    |mul_15ns_11s_26_1_1_U4687   |mul_15ns_11s_26_1_1   |        0|   1|  0|   2|    0|
    |mul_15ns_11s_26_1_1_U4690   |mul_15ns_11s_26_1_1   |        0|   1|  0|   2|    0|
    |mul_15ns_11s_26_1_1_U4693   |mul_15ns_11s_26_1_1   |        0|   1|  0|   2|    0|
    |mul_15ns_11s_26_1_1_U4696   |mul_15ns_11s_26_1_1   |        0|   1|  0|   2|    0|
    |mul_15ns_11s_26_1_1_U4698   |mul_15ns_11s_26_1_1   |        0|   1|  0|   2|    0|
    |mul_15ns_12ns_26_1_1_U4647  |mul_15ns_12ns_26_1_1  |        0|   1|  0|   2|    0|
    |mul_15ns_12ns_26_1_1_U4683  |mul_15ns_12ns_26_1_1  |        0|   1|  0|   2|    0|
    |mul_15ns_12s_26_1_1_U4643   |mul_15ns_12s_26_1_1   |        0|   1|  0|   2|    0|
    |mul_15ns_5s_20_1_1_U4630    |mul_15ns_5s_20_1_1    |        0|   1|  0|   2|    0|
    |mul_15ns_6s_21_1_1_U4639    |mul_15ns_6s_21_1_1    |        0|   1|  0|   2|    0|
    |mul_15ns_7s_22_1_1_U4629    |mul_15ns_7s_22_1_1    |        0|   1|  0|   2|    0|
    |mul_15ns_7s_22_1_1_U4668    |mul_15ns_7s_22_1_1    |        0|   1|  0|   2|    0|
    |mul_15ns_8ns_22_1_1_U4649   |mul_15ns_8ns_22_1_1   |        0|   1|  0|   2|    0|
    |mul_15ns_8s_23_1_1_U4695    |mul_15ns_8s_23_1_1    |        0|   1|  0|   2|    0|
    |mul_15ns_8s_23_1_1_U4700    |mul_15ns_8s_23_1_1    |        0|   1|  0|   2|    0|
    |mul_15ns_9ns_23_1_1_U4637   |mul_15ns_9ns_23_1_1   |        0|   1|  0|   2|    0|
    |mul_15ns_9ns_23_1_1_U4648   |mul_15ns_9ns_23_1_1   |        0|   1|  0|   2|    0|
    |mul_15ns_9ns_23_1_1_U4664   |mul_15ns_9ns_23_1_1   |        0|   1|  0|   2|    0|
    |mul_15ns_9ns_23_1_1_U4671   |mul_15ns_9ns_23_1_1   |        0|   1|  0|   2|    0|
    |mul_15ns_9ns_23_1_1_U4673   |mul_15ns_9ns_23_1_1   |        0|   1|  0|   2|    0|
    |mul_15ns_9ns_23_1_1_U4678   |mul_15ns_9ns_23_1_1   |        0|   1|  0|   2|    0|
    |mul_15ns_9ns_23_1_1_U4682   |mul_15ns_9ns_23_1_1   |        0|   1|  0|   2|    0|
    |mul_15ns_9ns_23_1_1_U4703   |mul_15ns_9ns_23_1_1   |        0|   1|  0|   2|    0|
    |mul_15ns_9s_24_1_1_U4655    |mul_15ns_9s_24_1_1    |        0|   1|  0|   2|    0|
    |mul_15ns_9s_24_1_1_U4669    |mul_15ns_9s_24_1_1    |        0|   1|  0|   2|    0|
    |mul_15ns_9s_24_1_1_U4684    |mul_15ns_9s_24_1_1    |        0|   1|  0|   2|    0|
    |mul_15ns_9s_24_1_1_U4702    |mul_15ns_9s_24_1_1    |        0|   1|  0|   2|    0|
    +----------------------------+----------------------+---------+----+---+----+-----+
    |Total                       |                      |        0|  82|  0| 164|    0|
    +----------------------------+----------------------+---------+----+---+----+-----+

    * DSP: 
    N/A

    * Memory: 
    N/A

    * FIFO: 
    N/A

    * Expression: 
    +---------------------------+----------+----+---+----+------------+------------+
    |       Variable Name       | Operation| DSP| FF| LUT| Bitwidth P0| Bitwidth P1|
    +---------------------------+----------+----+---+----+------------+------------+
    |add_ln58_10_fu_31055_p2    |         +|   0|  0|  16|          16|          16|
    |add_ln58_11_fu_31061_p2    |         +|   0|  0|  16|          16|          16|
    |add_ln58_12_fu_31067_p2    |         +|   0|  0|  23|          16|          16|
    |add_ln58_13_fu_31073_p2    |         +|   0|  0|  23|          16|          16|
    |add_ln58_14_fu_31079_p2    |         +|   0|  0|  16|          16|          16|
    |add_ln58_15_fu_31085_p2    |         +|   0|  0|  22|          15|          15|
    |add_ln58_16_fu_31095_p2    |         +|   0|  0|  21|          14|          14|
    |add_ln58_17_fu_31105_p2    |         +|   0|  0|  23|          16|          16|
    |add_ln58_18_fu_31111_p2    |         +|   0|  0|  16|          16|          16|
    |add_ln58_19_fu_31117_p2    |         +|   0|  0|  16|          16|          16|
    |add_ln58_1_fu_30992_p2     |         +|   0|  0|  20|          13|          11|
    |add_ln58_20_fu_31123_p2    |         +|   0|  0|  16|          16|          16|
    |add_ln58_21_fu_31129_p2    |         +|   0|  0|  23|          16|          16|
    |add_ln58_22_fu_31135_p2    |         +|   0|  0|  16|          16|          16|
    |add_ln58_23_fu_31141_p2    |         +|   0|  0|  16|          16|          16|
    |add_ln58_24_fu_31146_p2    |         +|   0|  0|  23|          16|          16|
    |add_ln58_25_fu_31152_p2    |         +|   0|  0|  16|          16|          16|
    |add_ln58_26_fu_31158_p2    |         +|   0|  0|  16|          16|          16|
    |add_ln58_27_fu_31164_p2    |         +|   0|  0|  23|          16|          16|
    |add_ln58_28_fu_31170_p2    |         +|   0|  0|  23|          16|          16|
    |add_ln58_29_fu_31176_p2    |         +|   0|  0|  16|          16|          16|
    |add_ln58_2_fu_31001_p2     |         +|   0|  0|  20|          13|           9|
    |add_ln58_30_fu_31182_p2    |         +|   0|  0|  16|          16|          16|
    |add_ln58_31_fu_31188_p2    |         +|   0|  0|  17|          10|          10|
    |add_ln58_32_fu_31198_p2    |         +|   0|  0|  22|          15|          15|
    |add_ln58_33_fu_31208_p2    |         +|   0|  0|  16|          16|          16|
    |add_ln58_34_fu_31214_p2    |         +|   0|  0|  16|          16|          16|
    |add_ln58_35_fu_31220_p2    |         +|   0|  0|  16|          16|          16|
    |add_ln58_36_fu_31226_p2    |         +|   0|  0|  22|          15|          15|
    |add_ln58_37_fu_31235_p2    |         +|   0|  0|  22|          15|          15|
    |add_ln58_38_fu_31245_p2    |         +|   0|  0|  23|          16|          16|
    |add_ln58_39_fu_31251_p2    |         +|   0|  0|  16|          16|          16|
    |add_ln58_3_fu_31010_p2     |         +|   0|  0|  19|          12|           9|
    |add_ln58_40_fu_31257_p2    |         +|   0|  0|  23|          16|          16|
    |add_ln58_41_fu_31262_p2    |         +|   0|  0|  16|          16|          16|
    |add_ln58_42_fu_31268_p2    |         +|   0|  0|  16|          16|          16|
    |add_ln58_43_fu_31274_p2    |         +|   0|  0|  23|          16|          16|
    |add_ln58_44_fu_31278_p2    |         +|   0|  0|  23|          16|          16|
    |add_ln58_45_fu_31283_p2    |         +|   0|  0|  16|          16|          16|
    |add_ln58_46_fu_31289_p2    |         +|   0|  0|  16|          16|          16|
    |add_ln58_47_fu_31295_p2    |         +|   0|  0|  21|          14|          14|
    |add_ln58_48_fu_31305_p2    |         +|   0|  0|  16|          16|          16|
    |add_ln58_49_fu_31311_p2    |         +|   0|  0|  16|          16|          16|
    |add_ln58_4_fu_31019_p2     |         +|   0|  0|  22|          15|          15|
    |add_ln58_50_fu_31317_p2    |         +|   0|  0|  16|          16|          16|
    |add_ln58_51_fu_31323_p2    |         +|   0|  0|  16|          16|          16|
    |add_ln58_52_fu_31328_p2    |         +|   0|  0|  23|          16|          16|
    |add_ln58_53_fu_31333_p2    |         +|   0|  0|  16|          16|          16|
    |add_ln58_54_fu_31339_p2    |         +|   0|  0|  16|          16|          16|
    |add_ln58_55_fu_31345_p2    |         +|   0|  0|  23|          16|          16|
    |add_ln58_56_fu_31350_p2    |         +|   0|  0|  16|          16|          16|
    |add_ln58_57_fu_31356_p2    |         +|   0|  0|  16|          16|          16|
    |add_ln58_58_fu_31362_p2    |         +|   0|  0|  22|          15|          15|
    |add_ln58_59_fu_31371_p2    |         +|   0|  0|  23|          16|          16|
    |add_ln58_5_fu_31028_p2     |         +|   0|  0|  16|          16|          16|
    |add_ln58_60_fu_31377_p2    |         +|   0|  0|  16|          16|          16|
    |add_ln58_61_fu_31383_p2    |         +|   0|  0|  16|          16|          16|
    |add_ln58_62_fu_31389_p2    |         +|   0|  0|  20|          13|           9|
    |add_ln58_63_fu_31399_p2    |         +|   0|  0|  22|          15|          15|
    |add_ln58_64_fu_31409_p2    |         +|   0|  0|  16|          16|          16|
    |add_ln58_65_fu_31415_p2    |         +|   0|  0|  16|          16|          16|
    |add_ln58_66_fu_31421_p2    |         +|   0|  0|  16|          16|          16|
    |add_ln58_67_fu_31427_p2    |         +|   0|  0|  21|          14|          14|
    |add_ln58_68_fu_31436_p2    |         +|   0|  0|  16|          16|          16|
    |add_ln58_69_fu_31442_p2    |         +|   0|  0|  16|          16|          16|
    |add_ln58_6_fu_31034_p2     |         +|   0|  0|  23|          16|          16|
    |add_ln58_70_fu_31448_p2    |         +|   0|  0|  16|          16|          16|
    |add_ln58_71_fu_31454_p2    |         +|   0|  0|  23|          16|          16|
    |add_ln58_72_fu_31459_p2    |         +|   0|  0|  16|          16|          16|
    |add_ln58_73_fu_31465_p2    |         +|   0|  0|  16|          16|          16|
    |add_ln58_74_fu_31471_p2    |         +|   0|  0|  23|          16|          16|
    |add_ln58_75_fu_31476_p2    |         +|   0|  0|  23|          16|          16|
    |add_ln58_76_fu_31482_p2    |         +|   0|  0|  16|          16|          16|
    |add_ln58_77_fu_31488_p2    |         +|   0|  0|  16|          15|          15|
    |add_ln58_78_fu_31494_p2    |         +|   0|  0|  20|          13|          13|
    |add_ln58_79_fu_31504_p2    |         +|   0|  0|  16|          15|          15|
    |add_ln58_7_fu_31039_p2     |         +|   0|  0|  16|          16|          16|
    |add_ln58_80_fu_31514_p2    |         +|   0|  0|  16|          16|          16|
    |add_ln58_81_fu_31520_p2    |         +|   0|  0|  16|          16|          16|
    |add_ln58_82_fu_31526_p2    |         +|   0|  0|  16|          16|          16|
    |add_ln58_83_fu_31532_p2    |         +|   0|  0|  16|          16|          16|
    |add_ln58_84_fu_31538_p2    |         +|   0|  0|  16|          16|          16|
    |add_ln58_85_fu_31544_p2    |         +|   0|  0|  23|          16|          16|
    |add_ln58_86_fu_31548_p2    |         +|   0|  0|  16|          16|          16|
    |add_ln58_87_fu_31554_p2    |         +|   0|  0|  16|          16|          16|
    |add_ln58_88_fu_31560_p2    |         +|   0|  0|  23|          16|          16|
    |add_ln58_89_fu_31566_p2    |         +|   0|  0|  23|          16|          16|
    |add_ln58_8_fu_31045_p2     |         +|   0|  0|  16|          16|          16|
    |add_ln58_90_fu_31572_p2    |         +|   0|  0|  16|          16|          16|
    |add_ln58_91_fu_31578_p2    |         +|   0|  0|  16|          16|          16|
    |add_ln58_92_fu_31584_p2    |         +|   0|  0|  22|          15|          15|
    |add_ln58_93_fu_31594_p2    |         +|   0|  0|  16|          16|          16|
    |add_ln58_94_fu_31600_p2    |         +|   0|  0|  16|          16|          16|
    |add_ln58_95_fu_31606_p2    |         +|   0|  0|  16|          16|          16|
    |add_ln58_9_fu_31051_p2     |         +|   0|  0|  23|          16|          16|
    |add_ln58_fu_30982_p2       |         +|   0|  0|  20|          13|          10|
    |add_ln73_1_fu_30509_p2     |         +|   0|  0|  28|          21|          21|
    |add_ln73_2_fu_30588_p2     |         +|   0|  0|  27|          20|          20|
    |add_ln73_3_fu_30153_p2     |         +|   0|  0|  32|          25|          25|
    |add_ln73_fu_30406_p2       |         +|   0|  0|  25|          18|          18|
    |sub_ln73_10_fu_30849_p2    |         -|   0|  0|  24|          24|          24|
    |sub_ln73_11_fu_29950_p2    |         -|   0|  0|  31|          24|          24|
    |sub_ln73_1_fu_29232_p2     |         -|   0|  0|  29|          22|          22|
    |sub_ln73_2_fu_29369_p2     |         -|   0|  0|  29|          22|          22|
    |sub_ln73_3_fu_29416_p2     |         -|   0|  0|  30|          23|          23|
    |sub_ln73_4_fu_30440_p2     |         -|   0|  0|  21|           1|          21|
    |sub_ln73_5_fu_30457_p2     |         -|   0|  0|  21|          21|          21|
    |sub_ln73_6_fu_30645_p2     |         -|   0|  0|  24|           1|          24|
    |sub_ln73_7_fu_30662_p2     |         -|   0|  0|  24|          24|          24|
    |sub_ln73_8_fu_30768_p2     |         -|   0|  0|  33|          26|          26|
    |sub_ln73_9_fu_30832_p2     |         -|   0|  0|  24|           1|          24|
    |sub_ln73_fu_29790_p2       |         -|   0|  0|  23|           1|          16|
    |ap_block_pp0_stage0_11001  |        or|   0|  0|   2|           1|           1|
    |ap_enable_pp0              |       xor|   0|  0|   2|           1|           2|
    +---------------------------+----------+----+---+----+------------+------------+
    |Total                      |          |   0|  0|2206|        1771|        1837|
    +---------------------------+----------+----+---+----+------------+------------+

    * Multiplexer: 
    +-------------+----+-----------+-----+-----------+
    |     Name    | LUT| Input Size| Bits| Total Bits|
    +-------------+----+-----------+-----+-----------+
    |ap_done      |   9|          2|    1|          2|
    |ap_return_0  |   9|          2|   16|         32|
    |ap_return_1  |   9|          2|   16|         32|
    |ap_return_2  |   9|          2|   16|         32|
    |ap_return_3  |   9|          2|   16|         32|
    |ap_return_4  |   9|          2|   16|         32|
    |ap_return_5  |   9|          2|   16|         32|
    +-------------+----+-----------+-----+-----------+
    |Total        |  63|         14|   97|        194|
    +-------------+----+-----------+-----+-----------+

    * Register: 
    +----------------------------+----+----+-----+-----------+
    |            Name            | FF | LUT| Bits| Const Bits|
    +----------------------------+----+----+-----+-----------+
    |ap_CS_fsm                   |   1|   0|    1|          0|
    |ap_done_reg                 |   1|   0|    1|          0|
    |ap_enable_reg_pp0_iter1     |   1|   0|    1|          0|
    |ap_return_0_preg            |  16|   0|   16|          0|
    |ap_return_1_preg            |  16|   0|   16|          0|
    |ap_return_2_preg            |  16|   0|   16|          0|
    |ap_return_3_preg            |  16|   0|   16|          0|
    |ap_return_4_preg            |  16|   0|   16|          0|
    |ap_return_5_preg            |  16|   0|   16|          0|
    |lshr_ln42_5_cast_reg_31711  |  15|   0|   15|          0|
    |lshr_ln42_s_reg_31876       |   7|   0|    7|          0|
    |p_read16_reg_31691          |  15|   0|   15|          0|
    |p_read218_reg_31683         |  15|   0|   15|          0|
    |p_read319_reg_31676         |  15|   0|   15|          0|
    |p_read420_reg_31669         |  15|   0|   15|          0|
    |p_read622_reg_31662         |  15|   0|   15|          0|
    |p_read824_reg_31656         |  15|   0|   15|          0|
    |p_read925_reg_31648         |  15|   0|   15|          0|
    |tmp_10_reg_31766            |  14|   0|   14|          0|
    |tmp_13_reg_31786            |  15|   0|   15|          0|
    |tmp_14_reg_31791            |  13|   0|   13|          0|
    |tmp_16_reg_31801            |  13|   0|   13|          0|
    |tmp_17_reg_31806            |  13|   0|   13|          0|
    |tmp_18_reg_31826            |  14|   0|   14|          0|
    |tmp_19_reg_31836            |  15|   0|   15|          0|
    |tmp_20_reg_31841            |  14|   0|   14|          0|
    |tmp_21_reg_31861            |  15|   0|   15|          0|
    |tmp_22_reg_31871            |  13|   0|   13|          0|
    |tmp_25_reg_31902            |  12|   0|   12|          0|
    |tmp_28_reg_31907            |  14|   0|   14|          0|
    |tmp_29_reg_31922            |  15|   0|   15|          0|
    |tmp_30_reg_31942            |  14|   0|   14|          0|
    |tmp_31_reg_31957            |  15|   0|   15|          0|
    |tmp_32_reg_31972            |  15|   0|   15|          0|
    |tmp_33_reg_32022            |  15|   0|   15|          0|
    |tmp_34_reg_32032            |  14|   0|   14|          0|
    |tmp_35_reg_32047            |  14|   0|   14|          0|
    |tmp_36_reg_32052            |  15|   0|   15|          0|
    |tmp_37_reg_32072            |  13|   0|   13|          0|
    |tmp_6_reg_31716             |  15|   0|   15|          0|
    |tmp_7_reg_31721             |  14|   0|   14|          0|
    |tmp_9_reg_31756             |  15|   0|   15|          0|
    |tmp_reg_31696               |  12|   0|   12|          0|
    |tmp_s_reg_31761             |  15|   0|   15|          0|
    |trunc_ln2_reg_31741         |  12|   0|   12|          0|
    |trunc_ln42_10_reg_31811     |  15|   0|   15|          0|
    |trunc_ln42_11_reg_31816     |  15|   0|   15|          0|
    |trunc_ln42_12_reg_31821     |  14|   0|   14|          0|
    |trunc_ln42_13_reg_31831     |  14|   0|   14|          0|
    |trunc_ln42_15_reg_31846     |  15|   0|   15|          0|
    |trunc_ln42_18_reg_31851     |  15|   0|   15|          0|
    |trunc_ln42_19_reg_31856     |  15|   0|   15|          0|
    |trunc_ln42_20_reg_31866     |  14|   0|   14|          0|
    |trunc_ln42_21_reg_31887     |  16|   0|   16|          0|
    |trunc_ln42_22_reg_31892     |   6|   0|    6|          0|
    |trunc_ln42_24_reg_31897     |  15|   0|   15|          0|
    |trunc_ln42_28_reg_31912     |  16|   0|   16|          0|
    |trunc_ln42_29_reg_31917     |  15|   0|   15|          0|
    |trunc_ln42_2_reg_31751      |  15|   0|   15|          0|
    |trunc_ln42_30_reg_31927     |  16|   0|   16|          0|
    |trunc_ln42_31_reg_31932     |  16|   0|   16|          0|
    |trunc_ln42_32_reg_31937     |  14|   0|   14|          0|
    |trunc_ln42_33_reg_31947     |  16|   0|   16|          0|
    |trunc_ln42_34_reg_31952     |  15|   0|   15|          0|
    |trunc_ln42_35_reg_31962     |  16|   0|   16|          0|
    |trunc_ln42_36_reg_31967     |  16|   0|   16|          0|
    |trunc_ln42_37_reg_31977     |  10|   0|   10|          0|
    |trunc_ln42_38_reg_31982     |  16|   0|   16|          0|
    |trunc_ln42_39_reg_31987     |  13|   0|   13|          0|
    |trunc_ln42_40_reg_31992     |  15|   0|   15|          0|
    |trunc_ln42_41_reg_31997     |  16|   0|   16|          0|
    |trunc_ln42_42_reg_32002     |  15|   0|   15|          0|
    |trunc_ln42_43_reg_32007     |  16|   0|   16|          0|
    |trunc_ln42_44_reg_32017     |  16|   0|   16|          0|
    |trunc_ln42_45_reg_32027     |  15|   0|   15|          0|
    |trunc_ln42_46_reg_32037     |  14|   0|   14|          0|
    |trunc_ln42_47_reg_32042     |  12|   0|   12|          0|
    |trunc_ln42_48_reg_32057     |  11|   0|   11|          0|
    |trunc_ln42_49_reg_32062     |  15|   0|   15|          0|
    |trunc_ln42_50_reg_32067     |  16|   0|   16|          0|
    |trunc_ln42_51_reg_32077     |  15|   0|   15|          0|
    |trunc_ln42_52_reg_32082     |  13|   0|   13|          0|
    |trunc_ln42_5_reg_31776      |  16|   0|   16|          0|
    |trunc_ln42_7_reg_31796      |  15|   0|   15|          0|
    |trunc_ln42_8_reg_31726      |  16|   0|   16|          0|
    |trunc_ln42_9_reg_31731      |  16|   0|   16|          0|
    |trunc_ln42_s_reg_31746      |  13|   0|   13|          0|
    |trunc_ln73_1_reg_31701      |  13|   0|   13|          0|
    |trunc_ln73_2_reg_31706      |  13|   0|   13|          0|
    |trunc_ln73_4_reg_31771      |  15|   0|   15|          0|
    |trunc_ln73_5_reg_31781      |  14|   0|   14|          0|
    |trunc_ln73_9_reg_32012      |  15|   0|   15|          0|
    |trunc_ln_reg_31736          |  12|   0|   12|          0|
    |zext_ln70_24_reg_31881      |  15|   0|   25|         10|
    +----------------------------+----+----+-----+-----------+
    |Total                       |1314|   0| 1324|         10|
    +----------------------------+----+----+-----+-----------+



================================================================
== Interface
================================================================
* Summary: 
+-------------+-----+-----+------------+----------------------------------------------------------------------------+--------------+
|  RTL Ports  | Dir | Bits|  Protocol  |                                Source Object                               |    C Type    |
+-------------+-----+-----+------------+----------------------------------------------------------------------------+--------------+
|ap_clk       |   in|    1|  ap_ctrl_hs|  dense_latency<ap_fixed<16, 6, 5, 3, 0>, ap_fixed<16, 6, 5, 3, 0>, config6>|  return value|
|ap_rst       |   in|    1|  ap_ctrl_hs|  dense_latency<ap_fixed<16, 6, 5, 3, 0>, ap_fixed<16, 6, 5, 3, 0>, config6>|  return value|
|ap_start     |   in|    1|  ap_ctrl_hs|  dense_latency<ap_fixed<16, 6, 5, 3, 0>, ap_fixed<16, 6, 5, 3, 0>, config6>|  return value|
|ap_done      |  out|    1|  ap_ctrl_hs|  dense_latency<ap_fixed<16, 6, 5, 3, 0>, ap_fixed<16, 6, 5, 3, 0>, config6>|  return value|
|ap_continue  |   in|    1|  ap_ctrl_hs|  dense_latency<ap_fixed<16, 6, 5, 3, 0>, ap_fixed<16, 6, 5, 3, 0>, config6>|  return value|
|ap_idle      |  out|    1|  ap_ctrl_hs|  dense_latency<ap_fixed<16, 6, 5, 3, 0>, ap_fixed<16, 6, 5, 3, 0>, config6>|  return value|
|ap_ready     |  out|    1|  ap_ctrl_hs|  dense_latency<ap_fixed<16, 6, 5, 3, 0>, ap_fixed<16, 6, 5, 3, 0>, config6>|  return value|
|ap_return_0  |  out|   16|  ap_ctrl_hs|  dense_latency<ap_fixed<16, 6, 5, 3, 0>, ap_fixed<16, 6, 5, 3, 0>, config6>|  return value|
|ap_return_1  |  out|   16|  ap_ctrl_hs|  dense_latency<ap_fixed<16, 6, 5, 3, 0>, ap_fixed<16, 6, 5, 3, 0>, config6>|  return value|
|ap_return_2  |  out|   16|  ap_ctrl_hs|  dense_latency<ap_fixed<16, 6, 5, 3, 0>, ap_fixed<16, 6, 5, 3, 0>, config6>|  return value|
|ap_return_3  |  out|   16|  ap_ctrl_hs|  dense_latency<ap_fixed<16, 6, 5, 3, 0>, ap_fixed<16, 6, 5, 3, 0>, config6>|  return value|
|ap_return_4  |  out|   16|  ap_ctrl_hs|  dense_latency<ap_fixed<16, 6, 5, 3, 0>, ap_fixed<16, 6, 5, 3, 0>, config6>|  return value|
|ap_return_5  |  out|   16|  ap_ctrl_hs|  dense_latency<ap_fixed<16, 6, 5, 3, 0>, ap_fixed<16, 6, 5, 3, 0>, config6>|  return value|
|p_read       |   in|   15|     ap_none|                                                                      p_read|        scalar|
|p_read1      |   in|   15|     ap_none|                                                                     p_read1|        scalar|
|p_read2      |   in|   15|     ap_none|                                                                     p_read2|        scalar|
|p_read3      |   in|   15|     ap_none|                                                                     p_read3|        scalar|
|p_read4      |   in|   15|     ap_none|                                                                     p_read4|        scalar|
|p_read5      |   in|   15|     ap_none|                                                                     p_read5|        scalar|
|p_read6      |   in|   15|     ap_none|                                                                     p_read6|        scalar|
|p_read7      |   in|   15|     ap_none|                                                                     p_read7|        scalar|
|p_read8      |   in|   15|     ap_none|                                                                     p_read8|        scalar|
|p_read9      |   in|   15|     ap_none|                                                                     p_read9|        scalar|
|p_read10     |   in|   15|     ap_none|                                                                    p_read10|        scalar|
|p_read11     |   in|   15|     ap_none|                                                                    p_read11|        scalar|
|p_read12     |   in|   15|     ap_none|                                                                    p_read12|        scalar|
|p_read13     |   in|   15|     ap_none|                                                                    p_read13|        scalar|
|p_read14     |   in|   15|     ap_none|                                                                    p_read14|        scalar|
|p_read15     |   in|   15|     ap_none|                                                                    p_read15|        scalar|
+-------------+-----+-----+------------+----------------------------------------------------------------------------+--------------+

