

================================================================
== Vitis HLS Report for 'dense_latency_wrapper_ap_fixed_ap_fixed_16_6_5_3_0_config6_s'
================================================================
* Date:           Wed Mar 18 13:58:01 2026

* Version:        2024.1 (Build 5069499 on May 21 2024)
* Project:        myproject_prj
* Solution:       solution1 (Vivado IP Flow Target)
* Product family: virtexuplus
* Target device:  xcu250-figd2104-2L-e


================================================================
== Performance Estimates
================================================================
+ Timing: 
    * Summary: 
    +--------+---------+----------+------------+
    |  Clock |  Target | Estimated| Uncertainty|
    +--------+---------+----------+------------+
    |ap_clk  |  5.00 ns|  3.490 ns|     1.35 ns|
    +--------+---------+----------+------------+

+ Latency: 
    * Summary: 
    +---------+---------+----------+----------+-----+-----+---------+
    |  Latency (cycles) |  Latency (absolute) |  Interval | Pipeline|
    |   min   |   max   |    min   |    max   | min | max |   Type  |
    +---------+---------+----------+----------+-----+-----+---------+
    |        1|        1|  5.000 ns|  5.000 ns|    1|    1|      yes|
    +---------+---------+----------+----------+-----+-----+---------+

    + Detail: 
        * Instance: 
        N/A

        * Loop: 
        N/A



================================================================
== Utilization Estimates
================================================================
* Summary: 
+---------------------+---------+-------+---------+---------+------+
|         Name        | BRAM_18K|  DSP  |    FF   |   LUT   | URAM |
+---------------------+---------+-------+---------+---------+------+
|DSP                  |        -|      -|        -|        -|     -|
|Expression           |        -|      -|        0|     1992|     -|
|FIFO                 |        -|      -|        -|        -|     -|
|Instance             |        -|     91|        0|      455|     -|
|Memory               |        -|      -|        -|        -|     -|
|Multiplexer          |        -|      -|        -|        -|     -|
|Register             |        -|      -|      557|        -|     -|
+---------------------+---------+-------+---------+---------+------+
|Total                |        0|     91|      557|     2447|     0|
+---------------------+---------+-------+---------+---------+------+
|Available SLR        |     1344|   3072|   864000|   432000|   320|
+---------------------+---------+-------+---------+---------+------+
|Utilization SLR (%)  |        0|      2|       ~0|       ~0|     0|
+---------------------+---------+-------+---------+---------+------+
|Available            |     5376|  12288|  3456000|  1728000|  1280|
+---------------------+---------+-------+---------+---------+------+
|Utilization (%)      |        0|     ~0|       ~0|       ~0|     0|
+---------------------+---------+-------+---------+---------+------+

+ Detail: 
    * Instance: 
    +--------------------------+---------------------+---------+----+---+----+-----+
    |         Instance         |        Module       | BRAM_18K| DSP| FF| LUT| URAM|
    +--------------------------+---------------------+---------+----+---+----+-----+
    |mul_16s_10ns_26_1_1_U451  |mul_16s_10ns_26_1_1  |        0|   1|  0|   5|    0|
    |mul_16s_10ns_26_1_1_U475  |mul_16s_10ns_26_1_1  |        0|   1|  0|   5|    0|
    |mul_16s_10ns_26_1_1_U480  |mul_16s_10ns_26_1_1  |        0|   1|  0|   5|    0|
    |mul_16s_10ns_26_1_1_U492  |mul_16s_10ns_26_1_1  |        0|   1|  0|   5|    0|
    |mul_16s_10ns_26_1_1_U495  |mul_16s_10ns_26_1_1  |        0|   1|  0|   5|    0|
    |mul_16s_10ns_26_1_1_U499  |mul_16s_10ns_26_1_1  |        0|   1|  0|   5|    0|
    |mul_16s_10ns_26_1_1_U501  |mul_16s_10ns_26_1_1  |        0|   1|  0|   5|    0|
    |mul_16s_10ns_26_1_1_U506  |mul_16s_10ns_26_1_1  |        0|   1|  0|   5|    0|
    |mul_16s_10ns_26_1_1_U510  |mul_16s_10ns_26_1_1  |        0|   1|  0|   5|    0|
    |mul_16s_10ns_26_1_1_U511  |mul_16s_10ns_26_1_1  |        0|   1|  0|   5|    0|
    |mul_16s_10ns_26_1_1_U521  |mul_16s_10ns_26_1_1  |        0|   1|  0|   5|    0|
    |mul_16s_10s_26_1_1_U449   |mul_16s_10s_26_1_1   |        0|   1|  0|   5|    0|
    |mul_16s_10s_26_1_1_U469   |mul_16s_10s_26_1_1   |        0|   1|  0|   5|    0|
    |mul_16s_10s_26_1_1_U472   |mul_16s_10s_26_1_1   |        0|   1|  0|   5|    0|
    |mul_16s_10s_26_1_1_U478   |mul_16s_10s_26_1_1   |        0|   1|  0|   5|    0|
    |mul_16s_10s_26_1_1_U494   |mul_16s_10s_26_1_1   |        0|   1|  0|   5|    0|
    |mul_16s_10s_26_1_1_U503   |mul_16s_10s_26_1_1   |        0|   1|  0|   5|    0|
    |mul_16s_10s_26_1_1_U517   |mul_16s_10s_26_1_1   |        0|   1|  0|   5|    0|
    |mul_16s_10s_26_1_1_U519   |mul_16s_10s_26_1_1   |        0|   1|  0|   5|    0|
    |mul_16s_10s_26_1_1_U534   |mul_16s_10s_26_1_1   |        0|   1|  0|   5|    0|
    |mul_16s_10s_26_1_1_U539   |mul_16s_10s_26_1_1   |        0|   1|  0|   5|    0|
    |mul_16s_11ns_26_1_1_U450  |mul_16s_11ns_26_1_1  |        0|   1|  0|   5|    0|
    |mul_16s_11ns_26_1_1_U454  |mul_16s_11ns_26_1_1  |        0|   1|  0|   5|    0|
    |mul_16s_11ns_26_1_1_U457  |mul_16s_11ns_26_1_1  |        0|   1|  0|   5|    0|
    |mul_16s_11ns_26_1_1_U462  |mul_16s_11ns_26_1_1  |        0|   1|  0|   5|    0|
    |mul_16s_11ns_26_1_1_U464  |mul_16s_11ns_26_1_1  |        0|   1|  0|   5|    0|
    |mul_16s_11ns_26_1_1_U465  |mul_16s_11ns_26_1_1  |        0|   1|  0|   5|    0|
    |mul_16s_11ns_26_1_1_U466  |mul_16s_11ns_26_1_1  |        0|   1|  0|   5|    0|
    |mul_16s_11ns_26_1_1_U471  |mul_16s_11ns_26_1_1  |        0|   1|  0|   5|    0|
    |mul_16s_11ns_26_1_1_U481  |mul_16s_11ns_26_1_1  |        0|   1|  0|   5|    0|
    |mul_16s_11ns_26_1_1_U488  |mul_16s_11ns_26_1_1  |        0|   1|  0|   5|    0|
    |mul_16s_11ns_26_1_1_U489  |mul_16s_11ns_26_1_1  |        0|   1|  0|   5|    0|
    |mul_16s_11ns_26_1_1_U490  |mul_16s_11ns_26_1_1  |        0|   1|  0|   5|    0|
    |mul_16s_11ns_26_1_1_U496  |mul_16s_11ns_26_1_1  |        0|   1|  0|   5|    0|
    |mul_16s_11ns_26_1_1_U500  |mul_16s_11ns_26_1_1  |        0|   1|  0|   5|    0|
    |mul_16s_11ns_26_1_1_U507  |mul_16s_11ns_26_1_1  |        0|   1|  0|   5|    0|
    |mul_16s_11ns_26_1_1_U515  |mul_16s_11ns_26_1_1  |        0|   1|  0|   5|    0|
    |mul_16s_11ns_26_1_1_U518  |mul_16s_11ns_26_1_1  |        0|   1|  0|   5|    0|
    |mul_16s_11ns_26_1_1_U520  |mul_16s_11ns_26_1_1  |        0|   1|  0|   5|    0|
    |mul_16s_11ns_26_1_1_U530  |mul_16s_11ns_26_1_1  |        0|   1|  0|   5|    0|
    |mul_16s_11ns_26_1_1_U531  |mul_16s_11ns_26_1_1  |        0|   1|  0|   5|    0|
    |mul_16s_11ns_26_1_1_U535  |mul_16s_11ns_26_1_1  |        0|   1|  0|   5|    0|
    |mul_16s_11s_26_1_1_U452   |mul_16s_11s_26_1_1   |        0|   1|  0|   5|    0|
    |mul_16s_11s_26_1_1_U456   |mul_16s_11s_26_1_1   |        0|   1|  0|   5|    0|
    |mul_16s_11s_26_1_1_U458   |mul_16s_11s_26_1_1   |        0|   1|  0|   5|    0|
    |mul_16s_11s_26_1_1_U459   |mul_16s_11s_26_1_1   |        0|   1|  0|   5|    0|
    |mul_16s_11s_26_1_1_U463   |mul_16s_11s_26_1_1   |        0|   1|  0|   5|    0|
    |mul_16s_11s_26_1_1_U467   |mul_16s_11s_26_1_1   |        0|   1|  0|   5|    0|
    |mul_16s_11s_26_1_1_U470   |mul_16s_11s_26_1_1   |        0|   1|  0|   5|    0|
    |mul_16s_11s_26_1_1_U474   |mul_16s_11s_26_1_1   |        0|   1|  0|   5|    0|
    |mul_16s_11s_26_1_1_U476   |mul_16s_11s_26_1_1   |        0|   1|  0|   5|    0|
    |mul_16s_11s_26_1_1_U479   |mul_16s_11s_26_1_1   |        0|   1|  0|   5|    0|
    |mul_16s_11s_26_1_1_U482   |mul_16s_11s_26_1_1   |        0|   1|  0|   5|    0|
    |mul_16s_11s_26_1_1_U486   |mul_16s_11s_26_1_1   |        0|   1|  0|   5|    0|
    |mul_16s_11s_26_1_1_U487   |mul_16s_11s_26_1_1   |        0|   1|  0|   5|    0|
    |mul_16s_11s_26_1_1_U498   |mul_16s_11s_26_1_1   |        0|   1|  0|   5|    0|
    |mul_16s_11s_26_1_1_U504   |mul_16s_11s_26_1_1   |        0|   1|  0|   5|    0|
    |mul_16s_11s_26_1_1_U513   |mul_16s_11s_26_1_1   |        0|   1|  0|   5|    0|
    |mul_16s_11s_26_1_1_U516   |mul_16s_11s_26_1_1   |        0|   1|  0|   5|    0|
    |mul_16s_11s_26_1_1_U525   |mul_16s_11s_26_1_1   |        0|   1|  0|   5|    0|
    |mul_16s_11s_26_1_1_U529   |mul_16s_11s_26_1_1   |        0|   1|  0|   5|    0|
    |mul_16s_11s_26_1_1_U532   |mul_16s_11s_26_1_1   |        0|   1|  0|   5|    0|
    |mul_16s_11s_26_1_1_U538   |mul_16s_11s_26_1_1   |        0|   1|  0|   5|    0|
    |mul_16s_12ns_26_1_1_U497  |mul_16s_12ns_26_1_1  |        0|   1|  0|   5|    0|
    |mul_16s_12ns_26_1_1_U508  |mul_16s_12ns_26_1_1  |        0|   1|  0|   5|    0|
    |mul_16s_12ns_26_1_1_U512  |mul_16s_12ns_26_1_1  |        0|   1|  0|   5|    0|
    |mul_16s_12ns_26_1_1_U527  |mul_16s_12ns_26_1_1  |        0|   1|  0|   5|    0|
    |mul_16s_12ns_26_1_1_U536  |mul_16s_12ns_26_1_1  |        0|   1|  0|   5|    0|
    |mul_16s_12s_26_1_1_U455   |mul_16s_12s_26_1_1   |        0|   1|  0|   5|    0|
    |mul_16s_12s_26_1_1_U502   |mul_16s_12s_26_1_1   |        0|   1|  0|   5|    0|
    |mul_16s_12s_26_1_1_U537   |mul_16s_12s_26_1_1   |        0|   1|  0|   5|    0|
    |mul_16s_6ns_22_1_1_U477   |mul_16s_6ns_22_1_1   |        0|   1|  0|   5|    0|
    |mul_16s_6s_22_1_1_U483    |mul_16s_6s_22_1_1    |        0|   1|  0|   5|    0|
    |mul_16s_7ns_23_1_1_U522   |mul_16s_7ns_23_1_1   |        0|   1|  0|   5|    0|
    |mul_16s_8ns_24_1_1_U453   |mul_16s_8ns_24_1_1   |        0|   1|  0|   5|    0|
    |mul_16s_8ns_24_1_1_U509   |mul_16s_8ns_24_1_1   |        0|   1|  0|   5|    0|
    |mul_16s_8s_24_1_1_U460    |mul_16s_8s_24_1_1    |        0|   1|  0|   5|    0|
    |mul_16s_8s_24_1_1_U461    |mul_16s_8s_24_1_1    |        0|   1|  0|   5|    0|
    |mul_16s_8s_24_1_1_U485    |mul_16s_8s_24_1_1    |        0|   1|  0|   5|    0|
    |mul_16s_8s_24_1_1_U493    |mul_16s_8s_24_1_1    |        0|   1|  0|   5|    0|
    |mul_16s_9ns_25_1_1_U473   |mul_16s_9ns_25_1_1   |        0|   1|  0|   5|    0|
    |mul_16s_9ns_25_1_1_U484   |mul_16s_9ns_25_1_1   |        0|   1|  0|   5|    0|
    |mul_16s_9ns_25_1_1_U491   |mul_16s_9ns_25_1_1   |        0|   1|  0|   5|    0|
    |mul_16s_9ns_25_1_1_U523   |mul_16s_9ns_25_1_1   |        0|   1|  0|   5|    0|
    |mul_16s_9ns_25_1_1_U524   |mul_16s_9ns_25_1_1   |        0|   1|  0|   5|    0|
    |mul_16s_9s_25_1_1_U468    |mul_16s_9s_25_1_1    |        0|   1|  0|   5|    0|
    |mul_16s_9s_25_1_1_U505    |mul_16s_9s_25_1_1    |        0|   1|  0|   5|    0|
    |mul_16s_9s_25_1_1_U514    |mul_16s_9s_25_1_1    |        0|   1|  0|   5|    0|
    |mul_16s_9s_25_1_1_U526    |mul_16s_9s_25_1_1    |        0|   1|  0|   5|    0|
    |mul_16s_9s_25_1_1_U528    |mul_16s_9s_25_1_1    |        0|   1|  0|   5|    0|
    |mul_16s_9s_25_1_1_U533    |mul_16s_9s_25_1_1    |        0|   1|  0|   5|    0|
    +--------------------------+---------------------+---------+----+---+----+-----+
    |Total                     |                     |        0|  91|  0| 455|    0|
    +--------------------------+---------------------+---------+----+---+----+-----+

    * DSP: 
    N/A

    * Memory: 
    N/A

    * FIFO: 
    N/A

    * Expression: 
    +-------------------------+----------+----+---+----+------------+------------+
    |      Variable Name      | Operation| DSP| FF| LUT| Bitwidth P0| Bitwidth P1|
    +-------------------------+----------+----+---+----+------------+------------+
    |add_ln58_10_fu_37499_p2  |         +|   0|  0|  16|          16|          16|
    |add_ln58_11_fu_37505_p2  |         +|   0|  0|  22|          15|          10|
    |add_ln58_12_fu_37515_p2  |         +|   0|  0|  23|          16|          16|
    |add_ln58_13_fu_37521_p2  |         +|   0|  0|  16|          16|          16|
    |add_ln58_14_fu_37891_p2  |         +|   0|  0|  16|          16|          16|
    |add_ln58_15_fu_37896_p2  |         +|   0|  0|  16|          16|          16|
    |add_ln58_16_fu_37527_p2  |         +|   0|  0|  16|          16|          16|
    |add_ln58_17_fu_37533_p2  |         +|   0|  0|  23|          16|          16|
    |add_ln58_18_fu_37539_p2  |         +|   0|  0|  16|          16|          16|
    |add_ln58_19_fu_37545_p2  |         +|   0|  0|  16|          16|          16|
    |add_ln58_1_fu_37457_p2   |         +|   0|  0|  23|          16|          16|
    |add_ln58_20_fu_37551_p2  |         +|   0|  0|  23|          16|          16|
    |add_ln58_21_fu_37557_p2  |         +|   0|  0|  16|          16|          16|
    |add_ln58_22_fu_37902_p2  |         +|   0|  0|  16|          16|          16|
    |add_ln58_23_fu_37563_p2  |         +|   0|  0|  23|          16|          16|
    |add_ln58_24_fu_37569_p2  |         +|   0|  0|  23|          16|          16|
    |add_ln58_25_fu_37906_p2  |         +|   0|  0|  16|          16|          16|
    |add_ln58_26_fu_37575_p2  |         +|   0|  0|  16|          16|          16|
    |add_ln58_27_fu_37581_p2  |         +|   0|  0|  16|          16|          10|
    |add_ln58_28_fu_37587_p2  |         +|   0|  0|  16|          16|          16|
    |add_ln58_29_fu_37593_p2  |         +|   0|  0|  16|          16|          16|
    |add_ln58_2_fu_37463_p2   |         +|   0|  0|  16|          16|          16|
    |add_ln58_30_fu_37910_p2  |         +|   0|  0|  16|          16|          16|
    |add_ln58_31_fu_37915_p2  |         +|   0|  0|  16|          16|          16|
    |add_ln58_32_fu_37599_p2  |         +|   0|  0|  16|          16|          16|
    |add_ln58_33_fu_37605_p2  |         +|   0|  0|  23|          16|          16|
    |add_ln58_34_fu_37611_p2  |         +|   0|  0|  16|          16|          16|
    |add_ln58_35_fu_37617_p2  |         +|   0|  0|  16|          16|          16|
    |add_ln58_36_fu_37623_p2  |         +|   0|  0|  23|          16|          16|
    |add_ln58_37_fu_37629_p2  |         +|   0|  0|  16|          16|          16|
    |add_ln58_38_fu_37921_p2  |         +|   0|  0|  16|          16|          16|
    |add_ln58_39_fu_37635_p2  |         +|   0|  0|  23|          16|          16|
    |add_ln58_3_fu_37469_p2   |         +|   0|  0|  16|          16|          16|
    |add_ln58_40_fu_37641_p2  |         +|   0|  0|  23|          16|          16|
    |add_ln58_41_fu_37925_p2  |         +|   0|  0|  16|          16|          16|
    |add_ln58_42_fu_37647_p2  |         +|   0|  0|  22|          15|          15|
    |add_ln58_43_fu_37653_p2  |         +|   0|  0|  20|          13|          10|
    |add_ln58_44_fu_37663_p2  |         +|   0|  0|  21|          14|          14|
    |add_ln58_45_fu_37935_p2  |         +|   0|  0|  23|          16|          16|
    |add_ln58_46_fu_37941_p2  |         +|   0|  0|  16|          16|          16|
    |add_ln58_47_fu_37947_p2  |         +|   0|  0|  16|          16|          16|
    |add_ln58_48_fu_37669_p2  |         +|   0|  0|  16|          16|          16|
    |add_ln58_49_fu_37675_p2  |         +|   0|  0|  23|          16|          16|
    |add_ln58_4_fu_37475_p2   |         +|   0|  0|  23|          16|          16|
    |add_ln58_50_fu_37681_p2  |         +|   0|  0|  16|          16|          16|
    |add_ln58_51_fu_37687_p2  |         +|   0|  0|  16|          16|          16|
    |add_ln58_52_fu_37693_p2  |         +|   0|  0|  23|          16|          16|
    |add_ln58_53_fu_37699_p2  |         +|   0|  0|  16|          16|          16|
    |add_ln58_54_fu_37953_p2  |         +|   0|  0|  16|          16|          16|
    |add_ln58_55_fu_37705_p2  |         +|   0|  0|  23|          16|          16|
    |add_ln58_56_fu_37711_p2  |         +|   0|  0|  23|          16|          16|
    |add_ln58_57_fu_37957_p2  |         +|   0|  0|  16|          16|          16|
    |add_ln58_58_fu_37961_p2  |         +|   0|  0|  16|          16|          16|
    |add_ln58_59_fu_37717_p2  |         +|   0|  0|  22|          15|           9|
    |add_ln58_5_fu_37481_p2   |         +|   0|  0|  16|          16|          16|
    |add_ln58_60_fu_37727_p2  |         +|   0|  0|  23|          16|          16|
    |add_ln58_61_fu_37965_p2  |         +|   0|  0|  16|          16|          16|
    |add_ln58_62_fu_37970_p2  |         +|   0|  0|  16|          16|          16|
    |add_ln58_63_fu_37976_p2  |         +|   0|  0|  16|          16|          16|
    |add_ln58_64_fu_37733_p2  |         +|   0|  0|  16|          16|          16|
    |add_ln58_65_fu_37739_p2  |         +|   0|  0|  23|          16|          16|
    |add_ln58_66_fu_37745_p2  |         +|   0|  0|  16|          16|          16|
    |add_ln58_67_fu_37751_p2  |         +|   0|  0|  16|          16|          16|
    |add_ln58_68_fu_37757_p2  |         +|   0|  0|  23|          16|          16|
    |add_ln58_69_fu_37763_p2  |         +|   0|  0|  16|          16|          16|
    |add_ln58_6_fu_37883_p2   |         +|   0|  0|  16|          16|          16|
    |add_ln58_70_fu_37982_p2  |         +|   0|  0|  16|          16|          16|
    |add_ln58_71_fu_37769_p2  |         +|   0|  0|  23|          16|          16|
    |add_ln58_72_fu_37775_p2  |         +|   0|  0|  23|          16|          16|
    |add_ln58_73_fu_37986_p2  |         +|   0|  0|  16|          16|          16|
    |add_ln58_74_fu_37990_p2  |         +|   0|  0|  16|          16|          16|
    |add_ln58_75_fu_37781_p2  |         +|   0|  0|  22|          15|           9|
    |add_ln58_76_fu_37791_p2  |         +|   0|  0|  23|          16|          16|
    |add_ln58_77_fu_37996_p2  |         +|   0|  0|  16|          16|          16|
    |add_ln58_78_fu_38001_p2  |         +|   0|  0|  16|          16|          16|
    |add_ln58_79_fu_38007_p2  |         +|   0|  0|  16|          16|          16|
    |add_ln58_7_fu_37487_p2   |         +|   0|  0|  23|          16|          16|
    |add_ln58_80_fu_37797_p2  |         +|   0|  0|  16|          16|          16|
    |add_ln58_81_fu_37803_p2  |         +|   0|  0|  23|          16|          16|
    |add_ln58_82_fu_37809_p2  |         +|   0|  0|  16|          16|          16|
    |add_ln58_83_fu_37815_p2  |         +|   0|  0|  16|          16|          16|
    |add_ln58_84_fu_37821_p2  |         +|   0|  0|  23|          16|          16|
    |add_ln58_85_fu_37827_p2  |         +|   0|  0|  16|          16|          16|
    |add_ln58_86_fu_38013_p2  |         +|   0|  0|  16|          16|          16|
    |add_ln58_87_fu_37833_p2  |         +|   0|  0|  23|          16|          16|
    |add_ln58_88_fu_37839_p2  |         +|   0|  0|  23|          16|          16|
    |add_ln58_89_fu_38017_p2  |         +|   0|  0|  16|          16|          16|
    |add_ln58_8_fu_37493_p2   |         +|   0|  0|  23|          16|          16|
    |add_ln58_90_fu_37845_p2  |         +|   0|  0|  16|          16|          16|
    |add_ln58_91_fu_37851_p2  |         +|   0|  0|  21|          14|           8|
    |add_ln58_92_fu_37861_p2  |         +|   0|  0|  22|          15|          15|
    |add_ln58_93_fu_37871_p2  |         +|   0|  0|  16|          16|          16|
    |add_ln58_94_fu_38021_p2  |         +|   0|  0|  16|          16|          16|
    |add_ln58_95_fu_38026_p2  |         +|   0|  0|  16|          16|          16|
    |add_ln58_9_fu_37887_p2   |         +|   0|  0|  16|          16|          16|
    |add_ln58_fu_37451_p2     |         +|   0|  0|  16|          16|          16|
    |add_ln73_fu_36382_p2     |         +|   0|  0|  31|          24|          24|
    |sub_ln42_1_fu_37335_p2   |         -|   0|  0|  26|           1|          26|
    |sub_ln42_2_fu_37341_p2   |         -|   0|  0|  26|          26|          26|
    |sub_ln42_fu_37299_p2     |         -|   0|  0|  33|          26|          26|
    |sub_ln73_1_fu_36247_p2   |         -|   0|  0|  23|          23|          23|
    |sub_ln73_2_fu_36515_p2   |         -|   0|  0|  26|           1|          26|
    |sub_ln73_3_fu_36521_p2   |         -|   0|  0|  26|          26|          26|
    |sub_ln73_fu_36241_p2     |         -|   0|  0|  23|           1|          23|
    |ap_enable_pp0            |       xor|   0|  0|   2|           1|           2|
    +-------------------------+----------+----+---+----+------------+------------+
    |Total                    |          |   0|  0|1992|        1653|        1694|
    +-------------------------+----------+----+---+----+------------+------------+

    * Multiplexer: 
    N/A

    * Register: 
    +-------------------------+----+----+-----+-----------+
    |           Name          | FF | LUT| Bits| Const Bits|
    +-------------------------+----+----+-----+-----------+
    |add_ln58_13_reg_38108    |  16|   0|   16|          0|
    |add_ln58_18_reg_38113    |  16|   0|   16|          0|
    |add_ln58_21_reg_38118    |  16|   0|   16|          0|
    |add_ln58_23_reg_38123    |  16|   0|   16|          0|
    |add_ln58_24_reg_38128    |  16|   0|   16|          0|
    |add_ln58_29_reg_38133    |  16|   0|   16|          0|
    |add_ln58_2_reg_38088     |  16|   0|   16|          0|
    |add_ln58_34_reg_38138    |  16|   0|   16|          0|
    |add_ln58_37_reg_38143    |  16|   0|   16|          0|
    |add_ln58_39_reg_38148    |  16|   0|   16|          0|
    |add_ln58_40_reg_38153    |  16|   0|   16|          0|
    |add_ln58_42_reg_38158    |  15|   0|   15|          0|
    |add_ln58_44_reg_38163    |  14|   0|   14|          0|
    |add_ln58_50_reg_38168    |  16|   0|   16|          0|
    |add_ln58_53_reg_38173    |  16|   0|   16|          0|
    |add_ln58_55_reg_38178    |  16|   0|   16|          0|
    |add_ln58_56_reg_38183    |  16|   0|   16|          0|
    |add_ln58_5_reg_38093     |  16|   0|   16|          0|
    |add_ln58_60_reg_38188    |  16|   0|   16|          0|
    |add_ln58_66_reg_38193    |  16|   0|   16|          0|
    |add_ln58_69_reg_38198    |  16|   0|   16|          0|
    |add_ln58_71_reg_38203    |  16|   0|   16|          0|
    |add_ln58_72_reg_38208    |  16|   0|   16|          0|
    |add_ln58_76_reg_38213    |  16|   0|   16|          0|
    |add_ln58_7_reg_38098     |  16|   0|   16|          0|
    |add_ln58_82_reg_38218    |  16|   0|   16|          0|
    |add_ln58_85_reg_38223    |  16|   0|   16|          0|
    |add_ln58_87_reg_38228    |  16|   0|   16|          0|
    |add_ln58_88_reg_38233    |  16|   0|   16|          0|
    |add_ln58_8_reg_38103     |  16|   0|   16|          0|
    |add_ln58_93_reg_38238    |  16|   0|   16|          0|
    |ap_CS_fsm                |   1|   0|    1|          0|
    |ap_enable_reg_pp0_iter1  |   1|   0|    1|          0|
    |trunc_ln42_33_reg_38068  |  15|   0|   15|          0|
    |trunc_ln42_80_reg_38073  |  16|   0|   16|          0|
    |trunc_ln42_86_reg_38078  |  16|   0|   16|          0|
    |trunc_ln42_87_reg_38083  |  15|   0|   15|          0|
    +-------------------------+----+----+-----+-----------+
    |Total                    | 557|   0|  557|          0|
    +-------------------------+----+----+-----+-----------+



================================================================
== Interface
================================================================
* Summary: 
+---------------+-----+-----+------------+--------------------------------------------------------------+--------------+
|   RTL Ports   | Dir | Bits|  Protocol  |                         Source Object                        |    C Type    |
+---------------+-----+-----+------------+--------------------------------------------------------------+--------------+
|ap_clk         |   in|    1|  ap_ctrl_hs|  dense_latency_wrapper<ap_fixed,ap_fixed<16,6,5,3,0>,config6>|  return value|
|ap_rst         |   in|    1|  ap_ctrl_hs|  dense_latency_wrapper<ap_fixed,ap_fixed<16,6,5,3,0>,config6>|  return value|
|ap_start       |   in|    1|  ap_ctrl_hs|  dense_latency_wrapper<ap_fixed,ap_fixed<16,6,5,3,0>,config6>|  return value|
|ap_done        |  out|    1|  ap_ctrl_hs|  dense_latency_wrapper<ap_fixed,ap_fixed<16,6,5,3,0>,config6>|  return value|
|ap_idle        |  out|    1|  ap_ctrl_hs|  dense_latency_wrapper<ap_fixed,ap_fixed<16,6,5,3,0>,config6>|  return value|
|ap_ready       |  out|    1|  ap_ctrl_hs|  dense_latency_wrapper<ap_fixed,ap_fixed<16,6,5,3,0>,config6>|  return value|
|ap_return_0    |  out|   16|  ap_ctrl_hs|  dense_latency_wrapper<ap_fixed,ap_fixed<16,6,5,3,0>,config6>|  return value|
|ap_return_1    |  out|   16|  ap_ctrl_hs|  dense_latency_wrapper<ap_fixed,ap_fixed<16,6,5,3,0>,config6>|  return value|
|ap_return_2    |  out|   16|  ap_ctrl_hs|  dense_latency_wrapper<ap_fixed,ap_fixed<16,6,5,3,0>,config6>|  return value|
|ap_return_3    |  out|   16|  ap_ctrl_hs|  dense_latency_wrapper<ap_fixed,ap_fixed<16,6,5,3,0>,config6>|  return value|
|ap_return_4    |  out|   16|  ap_ctrl_hs|  dense_latency_wrapper<ap_fixed,ap_fixed<16,6,5,3,0>,config6>|  return value|
|ap_return_5    |  out|   16|  ap_ctrl_hs|  dense_latency_wrapper<ap_fixed,ap_fixed<16,6,5,3,0>,config6>|  return value|
|data_0_val1    |   in|   16|     ap_none|                                                   data_0_val1|        scalar|
|data_1_val2    |   in|   16|     ap_none|                                                   data_1_val2|        scalar|
|data_2_val3    |   in|   16|     ap_none|                                                   data_2_val3|        scalar|
|data_3_val4    |   in|   16|     ap_none|                                                   data_3_val4|        scalar|
|data_4_val5    |   in|   16|     ap_none|                                                   data_4_val5|        scalar|
|data_5_val6    |   in|   16|     ap_none|                                                   data_5_val6|        scalar|
|data_6_val7    |   in|   16|     ap_none|                                                   data_6_val7|        scalar|
|data_7_val8    |   in|   16|     ap_none|                                                   data_7_val8|        scalar|
|data_8_val9    |   in|   16|     ap_none|                                                   data_8_val9|        scalar|
|data_9_val10   |   in|   16|     ap_none|                                                  data_9_val10|        scalar|
|data_10_val11  |   in|   16|     ap_none|                                                 data_10_val11|        scalar|
|data_11_val12  |   in|   16|     ap_none|                                                 data_11_val12|        scalar|
|data_12_val13  |   in|   16|     ap_none|                                                 data_12_val13|        scalar|
|data_13_val14  |   in|   16|     ap_none|                                                 data_13_val14|        scalar|
|data_14_val15  |   in|   16|     ap_none|                                                 data_14_val15|        scalar|
|data_15_val16  |   in|   16|     ap_none|                                                 data_15_val16|        scalar|
+---------------+-----+-----+------------+--------------------------------------------------------------+--------------+

