

================================================================
== Vitis HLS Report for 'global_pooling1d_cl_array_array_ap_fixed_16u_config5_Pipeline_ReadInput'
================================================================
* Date:           Wed Mar 18 13:58:01 2026

* Version:        2024.1 (Build 5069499 on May 21 2024)
* Project:        myproject_prj
* Solution:       solution1 (Vivado IP Flow Target)
* Product family: virtexuplus
* Target device:  xcu250-figd2104-2L-e


================================================================
== Performance Estimates
================================================================
+ Timing: 
    * Summary: 
    +--------+---------+----------+------------+
    |  Clock |  Target | Estimated| Uncertainty|
    +--------+---------+----------+------------+
    |ap_clk  |  5.00 ns|  2.555 ns|     1.35 ns|
    +--------+---------+----------+------------+

+ Latency: 
    * Summary: 
    +---------+---------+----------+----------+-----+-----+-----------------------------------------------+
    |  Latency (cycles) |  Latency (absolute) |  Interval |                    Pipeline                   |
    |   min   |   max   |    min   |    max   | min | max |                      Type                     |
    +---------+---------+----------+----------+-----+-----+-----------------------------------------------+
    |      129|      129|  0.645 us|  0.645 us|  128|  128|  loop auto-rewind stp(delay=0 clock cycles(s))|
    +---------+---------+----------+----------+-----+-----+-----------------------------------------------+

    + Detail: 
        * Instance: 
        N/A

        * Loop: 
        +-------------+---------+---------+----------+-----------+-----------+------+----------+
        |             |  Latency (cycles) | Iteration|  Initiation Interval  | Trip |          |
        |  Loop Name  |   min   |   max   |  Latency |  achieved |   target  | Count| Pipelined|
        +-------------+---------+---------+----------+-----------+-----------+------+----------+
        |- ReadInput  |      127|      127|         1|          1|          1|   128|       yes|
        +-------------+---------+---------+----------+-----------+-----------+------+----------+



================================================================
== Utilization Estimates
================================================================
* Summary: 
+---------------------+---------+-------+---------+---------+------+
|         Name        | BRAM_18K|  DSP  |    FF   |   LUT   | URAM |
+---------------------+---------+-------+---------+---------+------+
|DSP                  |        -|      -|        -|        -|     -|
|Expression           |        -|      -|        0|      656|     -|
|FIFO                 |        -|      -|        -|        -|     -|
|Instance             |        -|      -|        -|        -|     -|
|Memory               |        -|      -|        -|        -|     -|
|Multiplexer          |        -|      -|        0|      180|     -|
|Register             |        -|      -|      266|        -|     -|
+---------------------+---------+-------+---------+---------+------+
|Total                |        0|      0|      266|      836|     0|
+---------------------+---------+-------+---------+---------+------+
|Available SLR        |     1344|   3072|   864000|   432000|   320|
+---------------------+---------+-------+---------+---------+------+
|Utilization SLR (%)  |        0|      0|       ~0|       ~0|     0|
+---------------------+---------+-------+---------+---------+------+
|Available            |     5376|  12288|  3456000|  1728000|  1280|
+---------------------+---------+-------+---------+---------+------+
|Utilization (%)      |        0|      0|       ~0|       ~0|     0|
+---------------------+---------+-------+---------+---------+------+

+ Detail: 
    * Instance: 
    N/A

    * DSP: 
    N/A

    * Memory: 
    N/A

    * FIFO: 
    N/A

    * Expression: 
    +---------------------------+----------+----+---+----+------------+------------+
    |       Variable Name       | Operation| DSP| FF| LUT| Bitwidth P0| Bitwidth P1|
    +---------------------------+----------+----+---+----+------------+------------+
    |i_iw_fu_846_p2             |         +|   0|  0|  14|           7|           1|
    |ap_block_pp0_stage0_01001  |       and|   0|  0|   2|           1|           1|
    |icmp_ln200_10_fu_756_p2    |      icmp|   0|  0|  23|          16|          16|
    |icmp_ln200_11_fu_771_p2    |      icmp|   0|  0|  23|          16|          16|
    |icmp_ln200_12_fu_786_p2    |      icmp|   0|  0|  23|          16|          16|
    |icmp_ln200_13_fu_801_p2    |      icmp|   0|  0|  23|          16|          16|
    |icmp_ln200_14_fu_816_p2    |      icmp|   0|  0|  23|          16|          16|
    |icmp_ln200_15_fu_831_p2    |      icmp|   0|  0|  23|          16|          16|
    |icmp_ln200_1_fu_621_p2     |      icmp|   0|  0|  23|          16|          16|
    |icmp_ln200_2_fu_636_p2     |      icmp|   0|  0|  23|          16|          16|
    |icmp_ln200_3_fu_651_p2     |      icmp|   0|  0|  23|          16|          16|
    |icmp_ln200_4_fu_666_p2     |      icmp|   0|  0|  23|          16|          16|
    |icmp_ln200_5_fu_681_p2     |      icmp|   0|  0|  23|          16|          16|
    |icmp_ln200_6_fu_696_p2     |      icmp|   0|  0|  23|          16|          16|
    |icmp_ln200_7_fu_711_p2     |      icmp|   0|  0|  23|          16|          16|
    |icmp_ln200_8_fu_726_p2     |      icmp|   0|  0|  23|          16|          16|
    |icmp_ln200_9_fu_741_p2     |      icmp|   0|  0|  23|          16|          16|
    |icmp_ln200_fu_606_p2       |      icmp|   0|  0|  23|          16|          16|
    |icmp_ln306_fu_852_p2       |      icmp|   0|  0|  14|           7|           2|
    |data_window_10_fu_762_p3   |    select|   0|  0|  16|           1|          16|
    |data_window_11_fu_777_p3   |    select|   0|  0|  16|           1|          16|
    |data_window_12_fu_792_p3   |    select|   0|  0|  16|           1|          16|
    |data_window_13_fu_807_p3   |    select|   0|  0|  16|           1|          16|
    |data_window_14_fu_822_p3   |    select|   0|  0|  16|           1|          16|
    |data_window_15_fu_837_p3   |    select|   0|  0|  16|           1|          16|
    |data_window_1_fu_627_p3    |    select|   0|  0|  16|           1|          16|
    |data_window_2_fu_642_p3    |    select|   0|  0|  16|           1|          16|
    |data_window_3_fu_657_p3    |    select|   0|  0|  16|           1|          16|
    |data_window_4_fu_672_p3    |    select|   0|  0|  16|           1|          16|
    |data_window_5_fu_687_p3    |    select|   0|  0|  16|           1|          16|
    |data_window_6_fu_702_p3    |    select|   0|  0|  16|           1|          16|
    |data_window_7_fu_717_p3    |    select|   0|  0|  16|           1|          16|
    |data_window_8_fu_732_p3    |    select|   0|  0|  16|           1|          16|
    |data_window_9_fu_747_p3    |    select|   0|  0|  16|           1|          16|
    |data_window_fu_612_p3      |    select|   0|  0|  16|           1|          16|
    |ap_enable_pp0              |       xor|   0|  0|   2|           1|           2|
    +---------------------------+----------+----+---+----+------------+------------+
    |Total                      |          |   0|  0| 656|         288|         518|
    +---------------------------+----------+----+---+----+------------+------------+

    * Multiplexer: 
    +-------------------------+----+-----------+-----+-----------+
    |           Name          | LUT| Input Size| Bits| Total Bits|
    +-------------------------+----+-----------+-----+-----------+
    |ap_done_int              |   9|          2|    1|          2|
    |ap_enable_reg_pp0_iter1  |   9|          2|    1|          2|
    |i_iw33_fu_194            |   9|          2|    7|         14|
    |layer4_out_blk_n         |   9|          2|    1|          2|
    |x_assign32_fu_190        |   9|          2|   16|         32|
    |x_assign_1012_fu_150     |   9|          2|   16|         32|
    |x_assign_1110_fu_146     |   9|          2|   16|         32|
    |x_assign_128_fu_142      |   9|          2|   16|         32|
    |x_assign_130_fu_186      |   9|          2|   16|         32|
    |x_assign_136_fu_138      |   9|          2|   16|         32|
    |x_assign_144_fu_134      |   9|          2|   16|         32|
    |x_assign_152_fu_130      |   9|          2|   16|         32|
    |x_assign_228_fu_182      |   9|          2|   16|         32|
    |x_assign_326_fu_178      |   9|          2|   16|         32|
    |x_assign_424_fu_174      |   9|          2|   16|         32|
    |x_assign_522_fu_170      |   9|          2|   16|         32|
    |x_assign_620_fu_166      |   9|          2|   16|         32|
    |x_assign_718_fu_162      |   9|          2|   16|         32|
    |x_assign_816_fu_158      |   9|          2|   16|         32|
    |x_assign_914_fu_154      |   9|          2|   16|         32|
    +-------------------------+----+-----------+-----+-----------+
    |Total                    | 180|         40|  266|        532|
    +-------------------------+----+-----------+-----+-----------+

    * Register: 
    +-------------------------+----+----+-----+-----------+
    |           Name          | FF | LUT| Bits| Const Bits|
    +-------------------------+----+----+-----+-----------+
    |ap_CS_fsm                |   1|   0|    1|          0|
    |ap_done_reg              |   1|   0|    1|          0|
    |ap_enable_reg_pp0_iter1  |   1|   0|    1|          0|
    |i_iw33_fu_194            |   7|   0|    7|          0|
    |x_assign32_fu_190        |  16|   0|   16|          0|
    |x_assign_1012_fu_150     |  16|   0|   16|          0|
    |x_assign_1110_fu_146     |  16|   0|   16|          0|
    |x_assign_128_fu_142      |  16|   0|   16|          0|
    |x_assign_130_fu_186      |  16|   0|   16|          0|
    |x_assign_136_fu_138      |  16|   0|   16|          0|
    |x_assign_144_fu_134      |  16|   0|   16|          0|
    |x_assign_152_fu_130      |  16|   0|   16|          0|
    |x_assign_228_fu_182      |  16|   0|   16|          0|
    |x_assign_326_fu_178      |  16|   0|   16|          0|
    |x_assign_424_fu_174      |  16|   0|   16|          0|
    |x_assign_522_fu_170      |  16|   0|   16|          0|
    |x_assign_620_fu_166      |  16|   0|   16|          0|
    |x_assign_718_fu_162      |  16|   0|   16|          0|
    |x_assign_816_fu_158      |  16|   0|   16|          0|
    |x_assign_914_fu_154      |  16|   0|   16|          0|
    +-------------------------+----+----+-----+-----------+
    |Total                    | 266|   0|  266|          0|
    +-------------------------+----+----+-----+-----------+



================================================================
== Interface
================================================================
* Summary: 
+---------------------------+-----+-----+------------+---------------------------------------------------------------------------+--------------+
|         RTL Ports         | Dir | Bits|  Protocol  |                               Source Object                               |    C Type    |
+---------------------------+-----+-----+------------+---------------------------------------------------------------------------+--------------+
|ap_clk                     |   in|    1|  ap_ctrl_hs|  global_pooling1d_cl<array,array<ap_fixed,16u>,config5>_Pipeline_ReadInput|  return value|
|ap_rst                     |   in|    1|  ap_ctrl_hs|  global_pooling1d_cl<array,array<ap_fixed,16u>,config5>_Pipeline_ReadInput|  return value|
|ap_start                   |   in|    1|  ap_ctrl_hs|  global_pooling1d_cl<array,array<ap_fixed,16u>,config5>_Pipeline_ReadInput|  return value|
|ap_done                    |  out|    1|  ap_ctrl_hs|  global_pooling1d_cl<array,array<ap_fixed,16u>,config5>_Pipeline_ReadInput|  return value|
|ap_idle                    |  out|    1|  ap_ctrl_hs|  global_pooling1d_cl<array,array<ap_fixed,16u>,config5>_Pipeline_ReadInput|  return value|
|ap_ready                   |  out|    1|  ap_ctrl_hs|  global_pooling1d_cl<array,array<ap_fixed,16u>,config5>_Pipeline_ReadInput|  return value|
|layer4_out_dout            |   in|  256|     ap_fifo|                                                                 layer4_out|       pointer|
|layer4_out_num_data_valid  |   in|    8|     ap_fifo|                                                                 layer4_out|       pointer|
|layer4_out_fifo_cap        |   in|    8|     ap_fifo|                                                                 layer4_out|       pointer|
|layer4_out_empty_n         |   in|    1|     ap_fifo|                                                                 layer4_out|       pointer|
|layer4_out_read            |  out|    1|     ap_fifo|                                                                 layer4_out|       pointer|
|data_window_out            |  out|   16|      ap_vld|                                                            data_window_out|       pointer|
|data_window_out_ap_vld     |  out|    1|      ap_vld|                                                            data_window_out|       pointer|
|data_window_1_out          |  out|   16|      ap_vld|                                                          data_window_1_out|       pointer|
|data_window_1_out_ap_vld   |  out|    1|      ap_vld|                                                          data_window_1_out|       pointer|
|data_window_2_out          |  out|   16|      ap_vld|                                                          data_window_2_out|       pointer|
|data_window_2_out_ap_vld   |  out|    1|      ap_vld|                                                          data_window_2_out|       pointer|
|data_window_3_out          |  out|   16|      ap_vld|                                                          data_window_3_out|       pointer|
|data_window_3_out_ap_vld   |  out|    1|      ap_vld|                                                          data_window_3_out|       pointer|
|data_window_4_out          |  out|   16|      ap_vld|                                                          data_window_4_out|       pointer|
|data_window_4_out_ap_vld   |  out|    1|      ap_vld|                                                          data_window_4_out|       pointer|
|data_window_5_out          |  out|   16|      ap_vld|                                                          data_window_5_out|       pointer|
|data_window_5_out_ap_vld   |  out|    1|      ap_vld|                                                          data_window_5_out|       pointer|
|data_window_6_out          |  out|   16|      ap_vld|                                                          data_window_6_out|       pointer|
|data_window_6_out_ap_vld   |  out|    1|      ap_vld|                                                          data_window_6_out|       pointer|
|data_window_7_out          |  out|   16|      ap_vld|                                                          data_window_7_out|       pointer|
|data_window_7_out_ap_vld   |  out|    1|      ap_vld|                                                          data_window_7_out|       pointer|
|data_window_8_out          |  out|   16|      ap_vld|                                                          data_window_8_out|       pointer|
|data_window_8_out_ap_vld   |  out|    1|      ap_vld|                                                          data_window_8_out|       pointer|
|data_window_9_out          |  out|   16|      ap_vld|                                                          data_window_9_out|       pointer|
|data_window_9_out_ap_vld   |  out|    1|      ap_vld|                                                          data_window_9_out|       pointer|
|data_window_10_out         |  out|   16|      ap_vld|                                                         data_window_10_out|       pointer|
|data_window_10_out_ap_vld  |  out|    1|      ap_vld|                                                         data_window_10_out|       pointer|
|data_window_11_out         |  out|   16|      ap_vld|                                                         data_window_11_out|       pointer|
|data_window_11_out_ap_vld  |  out|    1|      ap_vld|                                                         data_window_11_out|       pointer|
|data_window_12_out         |  out|   16|      ap_vld|                                                         data_window_12_out|       pointer|
|data_window_12_out_ap_vld  |  out|    1|      ap_vld|                                                         data_window_12_out|       pointer|
|data_window_13_out         |  out|   16|      ap_vld|                                                         data_window_13_out|       pointer|
|data_window_13_out_ap_vld  |  out|    1|      ap_vld|                                                         data_window_13_out|       pointer|
|data_window_14_out         |  out|   16|      ap_vld|                                                         data_window_14_out|       pointer|
|data_window_14_out_ap_vld  |  out|    1|      ap_vld|                                                         data_window_14_out|       pointer|
|data_window_15_out         |  out|   16|      ap_vld|                                                         data_window_15_out|       pointer|
|data_window_15_out_ap_vld  |  out|    1|      ap_vld|                                                         data_window_15_out|       pointer|
+---------------------------+-----+-----+------------+---------------------------------------------------------------------------+--------------+

