

================================================================
== Vitis HLS Report for 'softmax_stable_array_array_ap_fixed_16_6_5_3_0_6u_softmax_config7_s'
================================================================
* Date:           Wed Mar 18 13:58:01 2026

* Version:        2024.1 (Build 5069499 on May 21 2024)
* Project:        myproject_prj
* Solution:       solution1 (Vivado IP Flow Target)
* Product family: virtexuplus
* Target device:  xcu250-figd2104-2L-e


================================================================
== Performance Estimates
================================================================
+ Timing: 
    * Summary: 
    +--------+---------+----------+------------+
    |  Clock |  Target | Estimated| Uncertainty|
    +--------+---------+----------+------------+
    |ap_clk  |  5.00 ns|  3.272 ns|     1.35 ns|
    +--------+---------+----------+------------+

+ Latency: 
    * Summary: 
    +---------+---------+-----------+-----------+-----+-----+---------+
    |  Latency (cycles) |   Latency (absolute)  |  Interval | Pipeline|
    |   min   |   max   |    min    |    max    | min | max |   Type  |
    +---------+---------+-----------+-----------+-----+-----+---------+
    |        6|        6|  30.000 ns|  30.000 ns|    6|    6|       no|
    +---------+---------+-----------+-----------+-----+-----+---------+

    + Detail: 
        * Instance: 
        N/A

        * Loop: 
        N/A



================================================================
== Utilization Estimates
================================================================
* Summary: 
+---------------------+---------+-------+---------+---------+------+
|         Name        | BRAM_18K|  DSP  |    FF   |   LUT   | URAM |
+---------------------+---------+-------+---------+---------+------+
|DSP                  |        -|      -|        -|        -|     -|
|Expression           |        -|      -|        0|      425|     -|
|FIFO                 |        -|      -|        -|        -|     -|
|Instance             |        -|      6|        0|       30|     -|
|Memory               |        5|      -|        0|        0|     -|
|Multiplexer          |        -|      -|        0|       75|     -|
|Register             |        -|      -|      257|        -|     -|
+---------------------+---------+-------+---------+---------+------+
|Total                |        5|      6|      257|      530|     0|
+---------------------+---------+-------+---------+---------+------+
|Available SLR        |     1344|   3072|   864000|   432000|   320|
+---------------------+---------+-------+---------+---------+------+
|Utilization SLR (%)  |       ~0|     ~0|       ~0|       ~0|     0|
+---------------------+---------+-------+---------+---------+------+
|Available            |     5376|  12288|  3456000|  1728000|  1280|
+---------------------+---------+-------+---------+---------+------+
|Utilization (%)      |       ~0|     ~0|       ~0|       ~0|     0|
+---------------------+---------+-------+---------+---------+------+

+ Detail: 
    * Instance: 
    +--------------------------+---------------------+---------+----+---+----+-----+
    |         Instance         |        Module       | BRAM_18K| DSP| FF| LUT| URAM|
    +--------------------------+---------------------+---------+----+---+----+-----+
    |mul_18s_11ns_26_1_1_U559  |mul_18s_11ns_26_1_1  |        0|   1|  0|   5|    0|
    |mul_18s_11ns_26_1_1_U560  |mul_18s_11ns_26_1_1  |        0|   1|  0|   5|    0|
    |mul_18s_11ns_26_1_1_U561  |mul_18s_11ns_26_1_1  |        0|   1|  0|   5|    0|
    |mul_18s_11ns_26_1_1_U562  |mul_18s_11ns_26_1_1  |        0|   1|  0|   5|    0|
    |mul_18s_11ns_26_1_1_U563  |mul_18s_11ns_26_1_1  |        0|   1|  0|   5|    0|
    |mul_18s_11ns_26_1_1_U564  |mul_18s_11ns_26_1_1  |        0|   1|  0|   5|    0|
    +--------------------------+---------------------+---------+----+---+----+-----+
    |Total                     |                     |        0|   6|  0|  30|    0|
    +--------------------------+---------------------+---------+----+---+----+-----+

    * DSP: 
    N/A

    * Memory: 
    +----------------+----------------------------------------------------------------------------------+---------+---+----+-----+------+-----+------+-------------+
    |     Memory     |                                      Module                                      | BRAM_18K| FF| LUT| URAM| Words| Bits| Banks| W*Bits*Banks|
    +----------------+----------------------------------------------------------------------------------+---------+---+----+-----+------+-----+------+-------------+
    |exp_table_U     |softmax_stable_array_array_ap_fixed_16_6_5_3_0_6u_softmax_config7_s_exp_tablebkb  |        3|  0|   0|    0|  1024|   11|     1|        11264|
    |invert_table_U  |softmax_stable_array_array_ap_fixed_16_6_5_3_0_6u_softmax_config7_s_invert_tacud  |        2|  0|   0|    0|  1024|   18|     1|        18432|
    +----------------+----------------------------------------------------------------------------------+---------+---+----+-----+------+-----+------+-------------+
    |Total           |                                                                                  |        5|  0|   0|    0|  2048|   29|     2|        29696|
    +----------------+----------------------------------------------------------------------------------+---------+---+----+-----+------+-----+------+-------------+

    * FIFO: 
    N/A

    * Expression: 
    +-------------------------+----------+----+---+----+------------+------------+
    |      Variable Name      | Operation| DSP| FF| LUT| Bitwidth P0| Bitwidth P1|
    +-------------------------+----------+----+---+----+------------+------------+
    |add_ln51_1_fu_706_p2     |         +|   0|  0|  17|          12|          12|
    |add_ln51_2_fu_716_p2     |         +|   0|  0|  17|          13|          13|
    |add_ln51_3_fu_722_p2     |         +|   0|  0|  19|          12|          12|
    |add_ln51_4_fu_732_p2     |         +|   0|  0|  17|          13|          13|
    |add_ln51_fu_700_p2       |         +|   0|  0|  17|          12|          12|
    |d_xi_xmax_1_fu_567_p2    |         -|   0|  0|  22|          15|          15|
    |d_xi_xmax_2_fu_572_p2    |         -|   0|  0|  22|          15|          15|
    |d_xi_xmax_3_fu_577_p2    |         -|   0|  0|  22|          15|          15|
    |d_xi_xmax_4_fu_582_p2    |         -|   0|  0|  22|          15|          15|
    |d_xi_xmax_5_fu_587_p2    |         -|   0|  0|  22|          15|          15|
    |d_xi_xmax_fu_562_p2      |         -|   0|  0|  22|          15|          15|
    |icmp_ln66_1_fu_426_p2    |      icmp|   0|  0|  23|          16|          16|
    |icmp_ln66_2_fu_446_p2    |      icmp|   0|  0|  23|          16|          16|
    |icmp_ln66_3_fu_452_p2    |      icmp|   0|  0|  23|          16|          16|
    |icmp_ln66_4_fu_534_p2    |      icmp|   0|  0|  23|          16|          16|
    |icmp_ln66_fu_406_p2      |      icmp|   0|  0|  23|          16|          16|
    |ap_block_state1          |        or|   0|  0|   2|           1|           1|
    |select_ln66_1_fu_438_p3  |    select|   0|  0|  16|           1|          16|
    |select_ln66_2_fu_517_p3  |    select|   0|  0|  16|           1|          16|
    |select_ln66_3_fu_528_p3  |    select|   0|  0|  16|           1|          16|
    |select_ln66_4_fu_554_p3  |    select|   0|  0|  15|           1|          15|
    |select_ln66_fu_418_p3    |    select|   0|  0|  16|           1|          16|
    |xor_ln66_1_fu_432_p2     |       xor|   0|  0|   2|           1|           2|
    |xor_ln66_2_fu_512_p2     |       xor|   0|  0|   2|           1|           2|
    |xor_ln66_3_fu_523_p2     |       xor|   0|  0|   2|           1|           2|
    |xor_ln66_4_fu_540_p2     |       xor|   0|  0|   2|           1|           2|
    |xor_ln66_fu_412_p2       |       xor|   0|  0|   2|           1|           2|
    +-------------------------+----------+----+---+----+------------+------------+
    |Total                    |          |   0|  0| 425|         243|         322|
    +-------------------------+----------+----+---+----+------------+------------+

    * Multiplexer: 
    +--------------------------+----+-----------+-----+-----------+
    |           Name           | LUT| Input Size| Bits| Total Bits|
    +--------------------------+----+-----------+-----+-----------+
    |ap_NS_fsm                 |  43|          8|    1|          8|
    |exp_table_address0_local  |  14|          3|   10|         30|
    |layer6_out_blk_n          |   9|          2|    1|          2|
    |layer7_out_TDATA_blk_n    |   9|          2|    1|          2|
    +--------------------------+----+-----------+-----+-----------+
    |Total                     |  75|         15|   13|         42|
    +--------------------------+----+-----------+-----+-----------+

    * Register: 
    +--------------------------+----+----+-----+-----------+
    |           Name           | FF | LUT| Bits| Const Bits|
    +--------------------------+----+----+-----+-----------+
    |ap_CS_fsm                 |   7|   0|    7|          0|
    |exp_table_load_1_reg_959  |  11|   0|   11|          0|
    |exp_table_load_2_reg_965  |  11|   0|   11|          0|
    |exp_table_load_3_reg_988  |  11|   0|   11|          0|
    |exp_table_load_4_reg_976  |  11|   0|   11|          0|
    |exp_table_load_5_reg_982  |  11|   0|   11|          0|
    |exp_table_load_reg_953    |  11|   0|   11|          0|
    |icmp_ln66_2_reg_883       |   1|   0|    1|          0|
    |icmp_ln66_3_reg_888       |   1|   0|    1|          0|
    |inv_exp_sum_reg_998       |  18|   0|   18|          0|
    |select_ln66_1_reg_878     |  16|   0|   16|          0|
    |select_ln66_reg_873       |  16|   0|   16|          0|
    |tmp_5_reg_938             |  10|   0|   10|          0|
    |trunc_ln198_4_reg_863     |  16|   0|   16|          0|
    |trunc_ln198_5_reg_868     |  16|   0|   16|          0|
    |trunc_ln213_2_reg_898     |  15|   0|   15|          0|
    |trunc_ln213_3_reg_903     |  15|   0|   15|          0|
    |trunc_ln213_4_reg_908     |  15|   0|   15|          0|
    |trunc_ln213_5_reg_913     |  15|   0|   15|          0|
    |trunc_ln213_6_reg_918     |  15|   0|   15|          0|
    |trunc_ln213_reg_893       |  15|   0|   15|          0|
    +--------------------------+----+----+-----+-----------+
    |Total                     | 257|   0|  257|          0|
    +--------------------------+----+----+-----+-----------+



================================================================
== Interface
================================================================
* Summary: 
+---------------------------+-----+-----+------------+----------------------------------------------------------------------+--------------+
|         RTL Ports         | Dir | Bits|  Protocol  |                             Source Object                            |    C Type    |
+---------------------------+-----+-----+------------+----------------------------------------------------------------------+--------------+
|ap_clk                     |   in|    1|  ap_ctrl_hs|  softmax_stable<array,array<ap_fixed<16,6,5,3,0>,6u>,softmax_config7>|  return value|
|ap_rst                     |   in|    1|  ap_ctrl_hs|  softmax_stable<array,array<ap_fixed<16,6,5,3,0>,6u>,softmax_config7>|  return value|
|ap_start                   |   in|    1|  ap_ctrl_hs|  softmax_stable<array,array<ap_fixed<16,6,5,3,0>,6u>,softmax_config7>|  return value|
|ap_done                    |  out|    1|  ap_ctrl_hs|  softmax_stable<array,array<ap_fixed<16,6,5,3,0>,6u>,softmax_config7>|  return value|
|ap_idle                    |  out|    1|  ap_ctrl_hs|  softmax_stable<array,array<ap_fixed<16,6,5,3,0>,6u>,softmax_config7>|  return value|
|ap_ready                   |  out|    1|  ap_ctrl_hs|  softmax_stable<array,array<ap_fixed<16,6,5,3,0>,6u>,softmax_config7>|  return value|
|layer6_out_dout            |   in|   96|     ap_fifo|                                                            layer6_out|       pointer|
|layer6_out_num_data_valid  |   in|    2|     ap_fifo|                                                            layer6_out|       pointer|
|layer6_out_fifo_cap        |   in|    2|     ap_fifo|                                                            layer6_out|       pointer|
|layer6_out_empty_n         |   in|    1|     ap_fifo|                                                            layer6_out|       pointer|
|layer6_out_read            |  out|    1|     ap_fifo|                                                            layer6_out|       pointer|
|layer7_out_TDATA           |  out|   96|        axis|                                                            layer7_out|       pointer|
|layer7_out_TVALID          |  out|    1|        axis|                                                            layer7_out|       pointer|
|layer7_out_TREADY          |   in|    1|        axis|                                                            layer7_out|       pointer|
+---------------------------+-----+-----+------------+----------------------------------------------------------------------+--------------+

