

================================================================
== Vitis HLS Report for 'softmax_array_array_ap_fixed_16_6_5_3_0_6u_softmax_config7_s'
================================================================
* Date:           Wed Mar 18 13:58:01 2026

* Version:        2024.1 (Build 5069499 on May 21 2024)
* Project:        myproject_prj
* Solution:       solution1 (Vivado IP Flow Target)
* Product family: virtexuplus
* Target device:  xcu250-figd2104-2L-e


================================================================
== Performance Estimates
================================================================
+ Timing: 
    * Summary: 
    +--------+---------+----------+------------+
    |  Clock |  Target | Estimated| Uncertainty|
    +--------+---------+----------+------------+
    |ap_clk  |  5.00 ns|  3.272 ns|     1.35 ns|
    +--------+---------+----------+------------+

+ Latency: 
    * Summary: 
    +---------+---------+-----------+-----------+-----+-----+---------+
    |  Latency (cycles) |   Latency (absolute)  |  Interval | Pipeline|
    |   min   |   max   |    min    |    max    | min | max |   Type  |
    +---------+---------+-----------+-----------+-----+-----+---------+
    |        8|        8|  40.000 ns|  40.000 ns|    8|    8|       no|
    +---------+---------+-----------+-----------+-----+-----+---------+

    + Detail: 
        * Instance: 
        +-------------------------------------------------------------------------------+---------------------------------------------------------------------+---------+---------+-----------+-----------+-----+-----+---------+
        |                                                                               |                                                                     |  Latency (cycles) |   Latency (absolute)  |  Interval | Pipeline|
        |                                    Instance                                   |                                Module                               |   min   |   max   |    min    |    max    | min | max |   Type  |
        +-------------------------------------------------------------------------------+---------------------------------------------------------------------+---------+---------+-----------+-----------+-----+-----+---------+
        |grp_softmax_stable_array_array_ap_fixed_16_6_5_3_0_6u_softmax_config7_s_fu_26  |softmax_stable_array_array_ap_fixed_16_6_5_3_0_6u_softmax_config7_s  |        6|        6|  30.000 ns|  30.000 ns|    6|    6|       no|
        +-------------------------------------------------------------------------------+---------------------------------------------------------------------+---------+---------+-----------+-----------+-----+-----+---------+

        * Loop: 
        N/A



================================================================
== Utilization Estimates
================================================================
* Summary: 
+---------------------+---------+-------+---------+---------+------+
|         Name        | BRAM_18K|  DSP  |    FF   |   LUT   | URAM |
+---------------------+---------+-------+---------+---------+------+
|DSP                  |        -|      -|        -|        -|     -|
|Expression           |        -|      -|        0|        4|     -|
|FIFO                 |        -|      -|        -|        -|     -|
|Instance             |        5|      6|      257|      530|     -|
|Memory               |        -|      -|        -|        -|     -|
|Multiplexer          |        -|      -|        0|       38|     -|
|Register             |        -|      -|        5|        -|     -|
+---------------------+---------+-------+---------+---------+------+
|Total                |        5|      6|      262|      572|     0|
+---------------------+---------+-------+---------+---------+------+
|Available SLR        |     1344|   3072|   864000|   432000|   320|
+---------------------+---------+-------+---------+---------+------+
|Utilization SLR (%)  |       ~0|     ~0|       ~0|       ~0|     0|
+---------------------+---------+-------+---------+---------+------+
|Available            |     5376|  12288|  3456000|  1728000|  1280|
+---------------------+---------+-------+---------+---------+------+
|Utilization (%)      |       ~0|     ~0|       ~0|       ~0|     0|
+---------------------+---------+-------+---------+---------+------+

+ Detail: 
    * Instance: 
    +-------------------------------------------------------------------------------+---------------------------------------------------------------------+---------+----+-----+-----+-----+
    |                                    Instance                                   |                                Module                               | BRAM_18K| DSP|  FF | LUT | URAM|
    +-------------------------------------------------------------------------------+---------------------------------------------------------------------+---------+----+-----+-----+-----+
    |grp_softmax_stable_array_array_ap_fixed_16_6_5_3_0_6u_softmax_config7_s_fu_26  |softmax_stable_array_array_ap_fixed_16_6_5_3_0_6u_softmax_config7_s  |        5|   6|  257|  530|    0|
    +-------------------------------------------------------------------------------+---------------------------------------------------------------------+---------+----+-----+-----+-----+
    |Total                                                                          |                                                                     |        5|   6|  257|  530|    0|
    +-------------------------------------------------------------------------------+---------------------------------------------------------------------+---------+----+-----+-----+-----+

    * DSP: 
    N/A

    * Memory: 
    N/A

    * FIFO: 
    N/A

    * Expression: 
    +-------------------------------------------------------------------------------------------------+----------+----+---+----+------------+------------+
    |                                          Variable Name                                          | Operation| DSP| FF| LUT| Bitwidth P0| Bitwidth P1|
    +-------------------------------------------------------------------------------------------------+----------+----+---+----+------------+------------+
    |grp_softmax_stable_array_array_ap_fixed_16_6_5_3_0_6u_softmax_config7_s_fu_26_layer7_out_TREADY  |       and|   0|  0|   2|           1|           1|
    |ap_block_state1                                                                                  |        or|   0|  0|   2|           1|           1|
    +-------------------------------------------------------------------------------------------------+----------+----+---+----+------------+------------+
    |Total                                                                                            |          |   0|  0|   4|           2|           2|
    +-------------------------------------------------------------------------------------------------+----------+----+---+----+------------+------------+

    * Multiplexer: 
    +-----------------+----+-----------+-----+-----------+
    |       Name      | LUT| Input Size| Bits| Total Bits|
    +-----------------+----+-----------+-----+-----------+
    |ap_NS_fsm        |  20|          4|    1|          4|
    |ap_done          |   9|          2|    1|          2|
    |layer6_out_read  |   9|          2|    1|          2|
    +-----------------+----+-----------+-----+-----------+
    |Total            |  38|          8|    3|          8|
    +-----------------+----+-----------+-----+-----------+

    * Register: 
    +--------------------------------------------------------------------------------------------+---+----+-----+-----------+
    |                                            Name                                            | FF| LUT| Bits| Const Bits|
    +--------------------------------------------------------------------------------------------+---+----+-----+-----------+
    |ap_CS_fsm                                                                                   |  3|   0|    3|          0|
    |ap_done_reg                                                                                 |  1|   0|    1|          0|
    |grp_softmax_stable_array_array_ap_fixed_16_6_5_3_0_6u_softmax_config7_s_fu_26_ap_start_reg  |  1|   0|    1|          0|
    +--------------------------------------------------------------------------------------------+---+----+-----+-----------+
    |Total                                                                                       |  5|   0|    5|          0|
    +--------------------------------------------------------------------------------------------+---+----+-----+-----------+



================================================================
== Interface
================================================================
* Summary: 
+---------------------------+-----+-----+------------+---------------------------------------------------------------+--------------+
|         RTL Ports         | Dir | Bits|  Protocol  |                         Source Object                         |    C Type    |
+---------------------------+-----+-----+------------+---------------------------------------------------------------+--------------+
|ap_clk                     |   in|    1|  ap_ctrl_hs|  softmax<array,array<ap_fixed<16,6,5,3,0>,6u>,softmax_config7>|  return value|
|ap_rst                     |   in|    1|  ap_ctrl_hs|  softmax<array,array<ap_fixed<16,6,5,3,0>,6u>,softmax_config7>|  return value|
|ap_start                   |   in|    1|  ap_ctrl_hs|  softmax<array,array<ap_fixed<16,6,5,3,0>,6u>,softmax_config7>|  return value|
|ap_done                    |  out|    1|  ap_ctrl_hs|  softmax<array,array<ap_fixed<16,6,5,3,0>,6u>,softmax_config7>|  return value|
|ap_continue                |   in|    1|  ap_ctrl_hs|  softmax<array,array<ap_fixed<16,6,5,3,0>,6u>,softmax_config7>|  return value|
|ap_idle                    |  out|    1|  ap_ctrl_hs|  softmax<array,array<ap_fixed<16,6,5,3,0>,6u>,softmax_config7>|  return value|
|ap_ready                   |  out|    1|  ap_ctrl_hs|  softmax<array,array<ap_fixed<16,6,5,3,0>,6u>,softmax_config7>|  return value|
|layer6_out_dout            |   in|   96|     ap_fifo|                                                     layer6_out|       pointer|
|layer6_out_num_data_valid  |   in|    2|     ap_fifo|                                                     layer6_out|       pointer|
|layer6_out_fifo_cap        |   in|    2|     ap_fifo|                                                     layer6_out|       pointer|
|layer6_out_empty_n         |   in|    1|     ap_fifo|                                                     layer6_out|       pointer|
|layer6_out_read            |  out|    1|     ap_fifo|                                                     layer6_out|       pointer|
|layer7_out_TDATA           |  out|   96|        axis|                                                     layer7_out|       pointer|
|layer7_out_TVALID          |  out|    1|        axis|                                                     layer7_out|       pointer|
|layer7_out_TREADY          |   in|    1|        axis|                                                     layer7_out|       pointer|
+---------------------------+-----+-----+------------+---------------------------------------------------------------+--------------+

