

================================================================
== Vitis HLS Report for 'zeropad1d_cl_array_array_ap_fixed_16_6_5_3_0_9u_config8_Pipeline_CopyMain'
================================================================
* Date:           Wed Mar 18 13:58:00 2026

* Version:        2024.1 (Build 5069499 on May 21 2024)
* Project:        myproject_prj
* Solution:       solution1 (Vivado IP Flow Target)
* Product family: virtexuplus
* Target device:  xcu250-figd2104-2L-e


================================================================
== Performance Estimates
================================================================
+ Timing: 
    * Summary: 
    +--------+---------+----------+------------+
    |  Clock |  Target | Estimated| Uncertainty|
    +--------+---------+----------+------------+
    |ap_clk  |  5.00 ns|  1.480 ns|     1.35 ns|
    +--------+---------+----------+------------+

+ Latency: 
    * Summary: 
    +---------+---------+----------+----------+-----+-----+-----------------------------------------------+
    |  Latency (cycles) |  Latency (absolute) |  Interval |                    Pipeline                   |
    |   min   |   max   |    min   |    max   | min | max |                      Type                     |
    +---------+---------+----------+----------+-----+-----+-----------------------------------------------+
    |      129|      129|  0.645 us|  0.645 us|  128|  128|  loop auto-rewind stp(delay=0 clock cycles(s))|
    +---------+---------+----------+----------+-----+-----+-----------------------------------------------+

    + Detail: 
        * Instance: 
        N/A

        * Loop: 
        +------------+---------+---------+----------+-----------+-----------+------+----------+
        |            |  Latency (cycles) | Iteration|  Initiation Interval  | Trip |          |
        |  Loop Name |   min   |   max   |  Latency |  achieved |   target  | Count| Pipelined|
        +------------+---------+---------+----------+-----------+-----------+------+----------+
        |- CopyMain  |      127|      127|         1|          1|          1|   128|       yes|
        +------------+---------+---------+----------+-----------+-----------+------+----------+



================================================================
== Utilization Estimates
================================================================
* Summary: 
+---------------------+---------+-------+---------+---------+------+
|         Name        | BRAM_18K|  DSP  |    FF   |   LUT   | URAM |
+---------------------+---------+-------+---------+---------+------+
|DSP                  |        -|      -|        -|        -|     -|
|Expression           |        -|      -|        0|       30|     -|
|FIFO                 |        -|      -|        -|        -|     -|
|Instance             |        -|      -|        -|        -|     -|
|Memory               |        -|      -|        -|        -|     -|
|Multiplexer          |        -|      -|        0|       45|     -|
|Register             |        -|      -|        9|        -|     -|
+---------------------+---------+-------+---------+---------+------+
|Total                |        0|      0|        9|       75|     0|
+---------------------+---------+-------+---------+---------+------+
|Available SLR        |     1344|   3072|   864000|   432000|   320|
+---------------------+---------+-------+---------+---------+------+
|Utilization SLR (%)  |        0|      0|       ~0|       ~0|     0|
+---------------------+---------+-------+---------+---------+------+
|Available            |     5376|  12288|  3456000|  1728000|  1280|
+---------------------+---------+-------+---------+---------+------+
|Utilization (%)      |        0|      0|       ~0|       ~0|     0|
+---------------------+---------+-------+---------+---------+------+

+ Detail: 
    * Instance: 
    N/A

    * DSP: 
    N/A

    * Memory: 
    N/A

    * FIFO: 
    N/A

    * Expression: 
    +----------------------------------+----------+----+---+----+------------+------------+
    |           Variable Name          | Operation| DSP| FF| LUT| Bitwidth P0| Bitwidth P1|
    +----------------------------------+----------+----+---+----+------------+------------+
    |i_fu_66_p2                        |         +|   0|  0|  14|           7|           1|
    |icmp_ln37_fu_72_p2                |      icmp|   0|  0|  14|           7|           2|
    |ap_block_state1_pp0_stage0_iter0  |        or|   0|  0|   2|           1|           1|
    +----------------------------------+----------+----+---+----+------------+------------+
    |Total                             |          |   0|  0|  30|          15|           4|
    +----------------------------------+----------+----+---+----+------------+------------+

    * Multiplexer: 
    +--------------------------+----+-----------+-----+-----------+
    |           Name           | LUT| Input Size| Bits| Total Bits|
    +--------------------------+----+-----------+-----+-----------+
    |ap_done_int               |   9|          2|    1|          2|
    |ap_sig_allocacmp_i1_load  |   9|          2|    7|         14|
    |i1_fu_40                  |   9|          2|    7|         14|
    |input_5_TDATA_blk_n       |   9|          2|    1|          2|
    |layer8_out_blk_n          |   9|          2|    1|          2|
    +--------------------------+----+-----------+-----+-----------+
    |Total                     |  45|         10|   17|         34|
    +--------------------------+----+-----------+-----+-----------+

    * Register: 
    +-------------+---+----+-----+-----------+
    |     Name    | FF| LUT| Bits| Const Bits|
    +-------------+---+----+-----+-----------+
    |ap_CS_fsm    |  1|   0|    1|          0|
    |ap_done_reg  |  1|   0|    1|          0|
    |i1_fu_40     |  7|   0|    7|          0|
    +-------------+---+----+-----+-----------+
    |Total        |  9|   0|    9|          0|
    +-------------+---+----+-----+-----------+



================================================================
== Interface
================================================================
* Summary: 
+---------------------------+-----+-----+------------+------------------------------------------------------------------------------+--------------+
|         RTL Ports         | Dir | Bits|  Protocol  |                                 Source Object                                |    C Type    |
+---------------------------+-----+-----+------------+------------------------------------------------------------------------------+--------------+
|ap_clk                     |   in|    1|  ap_ctrl_hs|  zeropad1d_cl<array,array<ap_fixed<16,6,5,3,0>,9u>,config8>_Pipeline_CopyMain|  return value|
|ap_rst                     |   in|    1|  ap_ctrl_hs|  zeropad1d_cl<array,array<ap_fixed<16,6,5,3,0>,9u>,config8>_Pipeline_CopyMain|  return value|
|ap_start                   |   in|    1|  ap_ctrl_hs|  zeropad1d_cl<array,array<ap_fixed<16,6,5,3,0>,9u>,config8>_Pipeline_CopyMain|  return value|
|ap_done                    |  out|    1|  ap_ctrl_hs|  zeropad1d_cl<array,array<ap_fixed<16,6,5,3,0>,9u>,config8>_Pipeline_CopyMain|  return value|
|ap_idle                    |  out|    1|  ap_ctrl_hs|  zeropad1d_cl<array,array<ap_fixed<16,6,5,3,0>,9u>,config8>_Pipeline_CopyMain|  return value|
|ap_ready                   |  out|    1|  ap_ctrl_hs|  zeropad1d_cl<array,array<ap_fixed<16,6,5,3,0>,9u>,config8>_Pipeline_CopyMain|  return value|
|input_5_TVALID             |   in|    1|        axis|                                                                       input_5|       pointer|
|input_5_TDATA              |   in|  144|        axis|                                                                       input_5|       pointer|
|input_5_TREADY             |  out|    1|        axis|                                                                       input_5|       pointer|
|layer8_out_din             |  out|  144|     ap_fifo|                                                                    layer8_out|       pointer|
|layer8_out_num_data_valid  |   in|    9|     ap_fifo|                                                                    layer8_out|       pointer|
|layer8_out_fifo_cap        |   in|    9|     ap_fifo|                                                                    layer8_out|       pointer|
|layer8_out_full_n          |   in|    1|     ap_fifo|                                                                    layer8_out|       pointer|
|layer8_out_write           |  out|    1|     ap_fifo|                                                                    layer8_out|       pointer|
+---------------------------+-----+-----+------------+------------------------------------------------------------------------------+--------------+

