

================================================================
== Vitis HLS Report for 'global_pooling1d_cl_array_array_ap_fixed_16_6_5_3_0_16u_config5_s'
================================================================
* Date:           Wed Mar 18 13:57:59 2026

* Version:        2024.1 (Build 5069499 on May 21 2024)
* Project:        myproject_prj
* Solution:       solution1 (Vivado IP Flow Target)
* Product family: virtexuplus
* Target device:  xcu250-figd2104-2L-e


================================================================
== Performance Estimates
================================================================
+ Timing: 
    * Summary: 
    +--------+---------+----------+------------+
    |  Clock |  Target | Estimated| Uncertainty|
    +--------+---------+----------+------------+
    |ap_clk  |  5.00 ns|  2.555 ns|     1.35 ns|
    +--------+---------+----------+------------+

+ Latency: 
    * Summary: 
    +---------+---------+----------+----------+-----+-----+---------+
    |  Latency (cycles) |  Latency (absolute) |  Interval | Pipeline|
    |   min   |   max   |    min   |    max   | min | max |   Type  |
    +---------+---------+----------+----------+-----+-----+---------+
    |      131|      131|  0.655 us|  0.655 us|  131|  131|       no|
    +---------+---------+----------+----------+-----+-----+---------+

    + Detail: 
        * Instance: 
        N/A

        * Loop: 
        N/A

============================================================
+ Verbose Summary: Synthesis Manager
============================================================
InlineROM: 1
ExposeGlobal: 0
============================================================
+ Verbose Summary: CDFG Model
============================================================
IsTopModel: 0
ResetActiveHigh: 1
IsCombinational: 2
IsDatapathOnly: 0
HasWiredReturn: 1
HasMFsm: 0
HasVarLatency: 1
IsPipeline: 0
IsRtlPipelined: 0
IsInstanceOverlapped: 0
IsDontTouch: 0
HasImplIP: 0
IsGatedGlobalClock: 0


============================================================
+ Verbose Summary: Schedule
============================================================
* Number of FSM states : 3
* Pipeline : 0
* Dataflow Pipeline: 0

* FSM state transitions: 
1 --> 2 
2 --> 3 
3 --> 

* FSM state operations: 

State 1 <SV = 0> <Delay = 0.00>
ST_1 : Operation 4 [1/1] (0.00ns)   --->   "%data_window_15_loc = alloca i64 1"   --->   Operation 4 'alloca' 'data_window_15_loc' <Predicate = true> <Delay = 0.00>
ST_1 : Operation 5 [1/1] (0.00ns)   --->   "%data_window_14_loc = alloca i64 1"   --->   Operation 5 'alloca' 'data_window_14_loc' <Predicate = true> <Delay = 0.00>
ST_1 : Operation 6 [1/1] (0.00ns)   --->   "%data_window_13_loc = alloca i64 1"   --->   Operation 6 'alloca' 'data_window_13_loc' <Predicate = true> <Delay = 0.00>
ST_1 : Operation 7 [1/1] (0.00ns)   --->   "%data_window_12_loc = alloca i64 1"   --->   Operation 7 'alloca' 'data_window_12_loc' <Predicate = true> <Delay = 0.00>
ST_1 : Operation 8 [1/1] (0.00ns)   --->   "%data_window_11_loc = alloca i64 1"   --->   Operation 8 'alloca' 'data_window_11_loc' <Predicate = true> <Delay = 0.00>
ST_1 : Operation 9 [1/1] (0.00ns)   --->   "%data_window_10_loc = alloca i64 1"   --->   Operation 9 'alloca' 'data_window_10_loc' <Predicate = true> <Delay = 0.00>
ST_1 : Operation 10 [1/1] (0.00ns)   --->   "%data_window_9_loc = alloca i64 1"   --->   Operation 10 'alloca' 'data_window_9_loc' <Predicate = true> <Delay = 0.00>
ST_1 : Operation 11 [1/1] (0.00ns)   --->   "%data_window_8_loc = alloca i64 1"   --->   Operation 11 'alloca' 'data_window_8_loc' <Predicate = true> <Delay = 0.00>
ST_1 : Operation 12 [1/1] (0.00ns)   --->   "%data_window_7_loc = alloca i64 1"   --->   Operation 12 'alloca' 'data_window_7_loc' <Predicate = true> <Delay = 0.00>
ST_1 : Operation 13 [1/1] (0.00ns)   --->   "%data_window_6_loc = alloca i64 1"   --->   Operation 13 'alloca' 'data_window_6_loc' <Predicate = true> <Delay = 0.00>
ST_1 : Operation 14 [1/1] (0.00ns)   --->   "%data_window_5_loc = alloca i64 1"   --->   Operation 14 'alloca' 'data_window_5_loc' <Predicate = true> <Delay = 0.00>
ST_1 : Operation 15 [1/1] (0.00ns)   --->   "%data_window_4_loc = alloca i64 1"   --->   Operation 15 'alloca' 'data_window_4_loc' <Predicate = true> <Delay = 0.00>
ST_1 : Operation 16 [1/1] (0.00ns)   --->   "%data_window_3_loc = alloca i64 1"   --->   Operation 16 'alloca' 'data_window_3_loc' <Predicate = true> <Delay = 0.00>
ST_1 : Operation 17 [1/1] (0.00ns)   --->   "%data_window_2_loc = alloca i64 1"   --->   Operation 17 'alloca' 'data_window_2_loc' <Predicate = true> <Delay = 0.00>
ST_1 : Operation 18 [1/1] (0.00ns)   --->   "%data_window_1_loc = alloca i64 1"   --->   Operation 18 'alloca' 'data_window_1_loc' <Predicate = true> <Delay = 0.00>
ST_1 : Operation 19 [1/1] (0.00ns)   --->   "%data_window_loc = alloca i64 1"   --->   Operation 19 'alloca' 'data_window_loc' <Predicate = true> <Delay = 0.00>
ST_1 : Operation 20 [1/1] (0.00ns)   --->   "%empty = wait i32 @_ssdm_op_Wait"   --->   Operation 20 'wait' 'empty' <Predicate = true> <Delay = 0.00>
ST_1 : Operation 21 [2/2] (0.00ns)   --->   "%call_ln0 = call void @global_pooling1d_cl<array,array<ap_fixed,16u>,config5>_Pipeline_ReadInput, i256 %layer4_out, i16 %data_window_loc, i16 %data_window_1_loc, i16 %data_window_2_loc, i16 %data_window_3_loc, i16 %data_window_4_loc, i16 %data_window_5_loc, i16 %data_window_6_loc, i16 %data_window_7_loc, i16 %data_window_8_loc, i16 %data_window_9_loc, i16 %data_window_10_loc, i16 %data_window_11_loc, i16 %data_window_12_loc, i16 %data_window_13_loc, i16 %data_window_14_loc, i16 %data_window_15_loc"   --->   Operation 21 'call' 'call_ln0' <Predicate = true> <Delay = 0.00> <CoreType = "Generic">   --->   Core 0 '' <Latency = 0> <II = 1> <Delay = 1.00> <Generic> <Opcode : >

State 2 <SV = 1> <Delay = 2.16>
ST_2 : Operation 22 [1/2] (2.16ns)   --->   "%call_ln0 = call void @global_pooling1d_cl<array,array<ap_fixed,16u>,config5>_Pipeline_ReadInput, i256 %layer4_out, i16 %data_window_loc, i16 %data_window_1_loc, i16 %data_window_2_loc, i16 %data_window_3_loc, i16 %data_window_4_loc, i16 %data_window_5_loc, i16 %data_window_6_loc, i16 %data_window_7_loc, i16 %data_window_8_loc, i16 %data_window_9_loc, i16 %data_window_10_loc, i16 %data_window_11_loc, i16 %data_window_12_loc, i16 %data_window_13_loc, i16 %data_window_14_loc, i16 %data_window_15_loc"   --->   Operation 22 'call' 'call_ln0' <Predicate = true> <Delay = 2.16> <CoreType = "Generic">   --->   Core 0 '' <Latency = 0> <II = 1> <Delay = 1.00> <Generic> <Opcode : >

State 3 <SV = 2> <Delay = 1.42>
ST_3 : Operation 23 [1/1] (0.00ns)   --->   "%specinterface_ln0 = specinterface void @_ssdm_op_SpecInterface, i256 %layer5_out, void @empty_15, i32 0, i32 0, void @empty_5, i32 0, i32 0, void @empty_5, void @empty_5, void @empty_5, i32 0, i32 0, i32 0, i32 0, void @empty_5, void @empty_5, i32 4294967295, i32 0, i32 0"   --->   Operation 23 'specinterface' 'specinterface_ln0' <Predicate = true> <Delay = 0.00>
ST_3 : Operation 24 [1/1] (0.00ns)   --->   "%specinterface_ln0 = specinterface void @_ssdm_op_SpecInterface, i256 %layer4_out, void @empty_15, i32 0, i32 0, void @empty_5, i32 0, i32 0, void @empty_5, void @empty_5, void @empty_5, i32 0, i32 0, i32 0, i32 0, void @empty_5, void @empty_5, i32 4294967295, i32 0, i32 0"   --->   Operation 24 'specinterface' 'specinterface_ln0' <Predicate = true> <Delay = 0.00>
ST_3 : Operation 25 [1/1] (0.00ns)   --->   "%data_window_loc_load = load i16 %data_window_loc"   --->   Operation 25 'load' 'data_window_loc_load' <Predicate = true> <Delay = 0.00>
ST_3 : Operation 26 [1/1] (0.00ns)   --->   "%data_window_1_loc_load = load i16 %data_window_1_loc"   --->   Operation 26 'load' 'data_window_1_loc_load' <Predicate = true> <Delay = 0.00>
ST_3 : Operation 27 [1/1] (0.00ns)   --->   "%data_window_2_loc_load = load i16 %data_window_2_loc"   --->   Operation 27 'load' 'data_window_2_loc_load' <Predicate = true> <Delay = 0.00>
ST_3 : Operation 28 [1/1] (0.00ns)   --->   "%data_window_3_loc_load = load i16 %data_window_3_loc"   --->   Operation 28 'load' 'data_window_3_loc_load' <Predicate = true> <Delay = 0.00>
ST_3 : Operation 29 [1/1] (0.00ns)   --->   "%data_window_4_loc_load = load i16 %data_window_4_loc"   --->   Operation 29 'load' 'data_window_4_loc_load' <Predicate = true> <Delay = 0.00>
ST_3 : Operation 30 [1/1] (0.00ns)   --->   "%data_window_5_loc_load = load i16 %data_window_5_loc"   --->   Operation 30 'load' 'data_window_5_loc_load' <Predicate = true> <Delay = 0.00>
ST_3 : Operation 31 [1/1] (0.00ns)   --->   "%data_window_6_loc_load = load i16 %data_window_6_loc"   --->   Operation 31 'load' 'data_window_6_loc_load' <Predicate = true> <Delay = 0.00>
ST_3 : Operation 32 [1/1] (0.00ns)   --->   "%data_window_7_loc_load = load i16 %data_window_7_loc"   --->   Operation 32 'load' 'data_window_7_loc_load' <Predicate = true> <Delay = 0.00>
ST_3 : Operation 33 [1/1] (0.00ns)   --->   "%data_window_8_loc_load = load i16 %data_window_8_loc"   --->   Operation 33 'load' 'data_window_8_loc_load' <Predicate = true> <Delay = 0.00>
ST_3 : Operation 34 [1/1] (0.00ns)   --->   "%data_window_9_loc_load = load i16 %data_window_9_loc"   --->   Operation 34 'load' 'data_window_9_loc_load' <Predicate = true> <Delay = 0.00>
ST_3 : Operation 35 [1/1] (0.00ns)   --->   "%data_window_10_loc_load = load i16 %data_window_10_loc"   --->   Operation 35 'load' 'data_window_10_loc_load' <Predicate = true> <Delay = 0.00>
ST_3 : Operation 36 [1/1] (0.00ns)   --->   "%data_window_11_loc_load = load i16 %data_window_11_loc"   --->   Operation 36 'load' 'data_window_11_loc_load' <Predicate = true> <Delay = 0.00>
ST_3 : Operation 37 [1/1] (0.00ns)   --->   "%data_window_12_loc_load = load i16 %data_window_12_loc"   --->   Operation 37 'load' 'data_window_12_loc_load' <Predicate = true> <Delay = 0.00>
ST_3 : Operation 38 [1/1] (0.00ns)   --->   "%data_window_13_loc_load = load i16 %data_window_13_loc"   --->   Operation 38 'load' 'data_window_13_loc_load' <Predicate = true> <Delay = 0.00>
ST_3 : Operation 39 [1/1] (0.00ns)   --->   "%data_window_14_loc_load = load i16 %data_window_14_loc"   --->   Operation 39 'load' 'data_window_14_loc_load' <Predicate = true> <Delay = 0.00>
ST_3 : Operation 40 [1/1] (0.00ns)   --->   "%data_window_15_loc_load = load i16 %data_window_15_loc"   --->   Operation 40 'load' 'data_window_15_loc_load' <Predicate = true> <Delay = 0.00>
ST_3 : Operation 41 [1/1] (0.00ns)   --->   "%empty_56 = wait i32 @_ssdm_op_Wait"   --->   Operation 41 'wait' 'empty_56' <Predicate = true> <Delay = 0.00>
ST_3 : Operation 42 [1/1] (0.00ns)   --->   "%p_0 = bitconcatenate i256 @_ssdm_op_BitConcatenate.i256.i16.i16.i16.i16.i16.i16.i16.i16.i16.i16.i16.i16.i16.i16.i16.i16, i16 %data_window_15_loc_load, i16 %data_window_14_loc_load, i16 %data_window_13_loc_load, i16 %data_window_12_loc_load, i16 %data_window_11_loc_load, i16 %data_window_10_loc_load, i16 %data_window_9_loc_load, i16 %data_window_8_loc_load, i16 %data_window_7_loc_load, i16 %data_window_6_loc_load, i16 %data_window_5_loc_load, i16 %data_window_4_loc_load, i16 %data_window_3_loc_load, i16 %data_window_2_loc_load, i16 %data_window_1_loc_load, i16 %data_window_loc_load" [firmware/nnet_utils/nnet_pooling_stream.h:323]   --->   Operation 42 'bitconcatenate' 'p_0' <Predicate = true> <Delay = 0.00>
ST_3 : Operation 43 [1/1] (1.42ns)   --->   "%write_ln323 = write void @_ssdm_op_Write.ap_fifo.volatile.i256P0A, i256 %layer5_out, i256 %p_0" [firmware/nnet_utils/nnet_pooling_stream.h:323]   --->   Operation 43 'write' 'write_ln323' <Predicate = true> <Delay = 1.42> <CoreInst = "FIFO_SRL">   --->   Core 80 'FIFO_SRL' <Latency = 0> <II = 1> <Delay = 1.42> <Storage> <Opcode : 'read' 'write' 'nbread' 'nbwrite'> <Ports = 0> <Width = 256> <Depth = 1> <FIFO>
ST_3 : Operation 44 [1/1] (0.00ns)   --->   "%ret_ln340 = ret" [firmware/nnet_utils/nnet_pooling_stream.h:340]   --->   Operation 44 'ret' 'ret_ln340' <Predicate = true> <Delay = 0.00>


============================================================
+ Verbose Summary: Timing violations
============================================================
Target clock period: 5.000ns, clock uncertainty: 1.350ns.

 <State 1>: 0.000ns
The critical path consists of the following:

 <State 2>: 2.168ns
The critical path consists of the following:
	'call' operation 0 bit ('call_ln0') to 'global_pooling1d_cl<array,array<ap_fixed,16u>,config5>_Pipeline_ReadInput' [22]  (2.168 ns)

 <State 3>: 1.428ns
The critical path consists of the following:
	'load' operation 16 bit ('data_window_loc_load') on local variable 'data_window_loc' [23]  (0.000 ns)
	fifo write operation ('write_ln323', firmware/nnet_utils/nnet_pooling_stream.h:323) on port 'layer5_out' (firmware/nnet_utils/nnet_pooling_stream.h:323) [41]  (1.428 ns)


============================================================
+ Verbose Summary: Binding
============================================================
N/A
* FSMD analyzer results:
  - Output states:
 - Input state : 
  - Chain level:
	State 1
	State 2
	State 3


============================================================
+ Verbose Summary: Datapath Resource usage 
============================================================
N/A
