#-----------------------------------------------------------
# Vivado v2024.1 (64-bit)
# SW Build 5076996 on Wed May 22 18:36:09 MDT 2024
# IP Build 5075265 on Wed May 22 21:45:21 MDT 2024
# SharedData Build 5076995 on Wed May 22 18:29:18 MDT 2024
# Start of session at: Wed Mar 11 15:53:29 2026
# Process ID: 4047541
# Current directory: /home/j.lim.473/ece226/ECE226_CoDesign/model_1/hls4ml_prj/myproject_prj/solution1/impl/ip
# Command line: vivado -notrace -mode batch -source run_ippack.tcl
# Log file: /home/j.lim.473/ece226/ECE226_CoDesign/model_1/hls4ml_prj/myproject_prj/solution1/impl/ip/vivado.log
# Journal file: /home/j.lim.473/ece226/ECE226_CoDesign/model_1/hls4ml_prj/myproject_prj/solution1/impl/ip/vivado.jou
# Running On        :waiter
# Platform          :Ubuntu
# Operating System  :Ubuntu 22.04.5 LTS
# Processor Detail  :AMD Ryzen Threadripper PRO 7985WX 64-Cores
# CPU Frequency     :3200.000 MHz
# CPU Physical cores:64
# CPU Logical cores :128
# Host memory       :404950 MB
# Swap memory       :0 MB
# Total Virtual     :404950 MB
# Available Virtual :177660 MB
#-----------------------------------------------------------
source run_ippack.tcl -notrace
